// Jest Snapshot v1, https://goo.gl/fbAQLP

exports[`generator - java with default config should match files snapshot 1`] = `
{
  ".yo-rc.json": {
    "stateCleared": "modified",
  },
  "src/main/java/com/mycompany/myapp/GeneratedByJHipster.java": {
    "stateCleared": "modified",
  },
  "src/main/java/com/mycompany/myapp/package-info.java": {
    "stateCleared": "modified",
  },
}
`;
