// Jest Snapshot v1, https://jestjs.io/docs/snapshot-testing

exports[`application mutation test expects mutateApplication to match snapshot 1`] = `
{
  "baseName": "JHipster",
  "camelizedBaseName": "jHipster",
  "capitalizedBaseName": "JHipster",
  "customizeTemplatePaths": [],
  "dasherizedBaseName": "j-hipster",
  "documentationArchiveUrl": "https://www.jhipster.tech/documentation-archive/vjhipsterVersion",
  "hipster": "jhipster_family_member_1",
  "hipsterBugTrackerLink": "https://github.com/jhipster/generator-jhipster/issues?state=open",
  "hipsterBugTrackerProductName": "JHipster",
  "hipsterChatLink": "https://gitter.im/jhipster/generator-jhipster",
  "hipsterChatProductName": "JHipster",
  "hipsterDocumentationLink": "https://www.jhipster.tech/",
  "hipsterHomePageProductName": "JHipster",
  "hipsterName": "Java Hipster",
  "hipsterProductName": "JHipster",
  "hipsterProjectLink": "https://github.com/jhipster/generator-jhipster",
  "hipsterStackOverflowProductName": "JHipster",
  "hipsterStackoverflowLink": "https://stackoverflow.com/tags/jhipster/info",
  "hipsterTwitterLink": "https://twitter.com/jhipster",
  "hipsterTwitterUsername": "@jhipster",
  "humanizedBaseName": "JHipster",
  "jhiPrefix": "jhi",
  "jhiPrefixCapitalized": "Jhi",
  "jhiPrefixDashed": "jhi",
  "jhipsterPackageJson": "jhipsterPackageJson",
  "jhipsterVersion": "jhipsterVersion",
  "lowercaseBaseName": "jhipster",
  "nodeDependencies": {},
  "nodePackageManager": "npm",
  "nodePackageManagerCommand": "npm",
  "nodeVersion": "nodeVersion",
  "projectDescription": "projectDescription",
  "upperFirstCamelCaseBaseName": "JHipster",
}
`;
