// Jest Snapshot v1, https://goo.gl/fbAQLP

exports[`generator - angular samples matrix should match snapshot 1`] = `
{
  "gateway-jwt-skipUserManagement(true)-withAdminUi(false)-skipJhipsterDependencies(false)-enableTranslation(false)-clientRoot/-websocket(true)": {
    "applicationType": "gateway",
    "authenticationType": "jwt",
    "clientFramework": "angular",
    "clientRootDir": "clientRoot/",
    "enableTranslation": false,
    "languages": [
      "fr",
      "en",
    ],
    "nativeLanguage": "en",
    "skipJhipsterDependencies": false,
    "skipUserManagement": true,
    "websocket": true,
    "withAdminUi": false,
  },
  "gateway-oauth2-withAdminUi(true)-skipJhipsterDependencies(true)-enableTranslation(true)-clientRoot/-websocket(true)": {
    "applicationType": "gateway",
    "authenticationType": "oauth2",
    "clientFramework": "angular",
    "clientRootDir": "clientRoot/",
    "enableTranslation": true,
    "languages": [
      "fr",
      "en",
    ],
    "nativeLanguage": "en",
    "skipJhipsterDependencies": true,
    "websocket": true,
    "withAdminUi": true,
  },
  "microservice-jwt-skipUserManagement(false)-withAdminUi(false)-skipJhipsterDependencies(false)-enableTranslation(false)-clientRoot/-websocket(false)": {
    "applicationType": "microservice",
    "authenticationType": "jwt",
    "clientFramework": "angular",
    "clientRootDir": "clientRoot/",
    "enableTranslation": false,
    "languages": [
      "fr",
      "en",
    ],
    "nativeLanguage": "en",
    "skipJhipsterDependencies": false,
    "skipUserManagement": false,
    "websocket": false,
    "withAdminUi": false,
  },
  "microservice-oauth2-withAdminUi(true)-skipJhipsterDependencies(true)-enableTranslation(true)--websocket(false)": {
    "applicationType": "microservice",
    "authenticationType": "oauth2",
    "clientFramework": "angular",
    "clientRootDir": "",
    "enableTranslation": true,
    "languages": [
      "fr",
      "en",
    ],
    "nativeLanguage": "en",
    "skipJhipsterDependencies": true,
    "websocket": false,
    "withAdminUi": true,
  },
  "monolith-jwt-skipUserManagement(false)-withAdminUi(true)-skipJhipsterDependencies(true)-enableTranslation(true)--websocket(true)": {
    "applicationType": "monolith",
    "authenticationType": "jwt",
    "clientFramework": "angular",
    "clientRootDir": "",
    "enableTranslation": true,
    "languages": [
      "fr",
      "en",
    ],
    "nativeLanguage": "en",
    "skipJhipsterDependencies": true,
    "skipUserManagement": false,
    "websocket": true,
    "withAdminUi": true,
  },
  "monolith-oauth2-withAdminUi(false)-skipJhipsterDependencies(false)-enableTranslation(false)-websocket(false)": {
    "applicationType": "monolith",
    "authenticationType": "oauth2",
    "clientFramework": "angular",
    "clientRootDir": undefined,
    "enableTranslation": false,
    "languages": [
      "fr",
      "en",
    ],
    "nativeLanguage": "en",
    "skipJhipsterDependencies": false,
    "websocket": false,
    "withAdminUi": false,
  },
  "monolith-session-skipUserManagement(true)-withAdminUi(false)-skipJhipsterDependencies(false)-enableTranslation(false)-websocket(true)": {
    "applicationType": "monolith",
    "authenticationType": "session",
    "clientFramework": "angular",
    "clientRootDir": undefined,
    "enableTranslation": false,
    "languages": [
      "fr",
      "en",
    ],
    "nativeLanguage": "en",
    "skipJhipsterDependencies": false,
    "skipUserManagement": true,
    "websocket": true,
    "withAdminUi": false,
  },
}
`;
