// Jest Snapshot v1, https://jestjs.io/docs/snapshot-testing

exports[`helpers run using withJHipsterGenerators should register jhipster generators namespaces 1`] = `
[
  "jhipster:angular",
  "jhipster:angular:bootstrap",
  "jhipster:app",
  "jhipster:app:bootstrap",
  "jhipster:base",
  "jhipster:base-application",
  "jhipster:base-application:bootstrap",
  "jhipster:base-core",
  "jhipster:base-entity-changes",
  "jhipster:base-simple-application",
  "jhipster:base-simple-application:bootstrap",
  "jhipster:base-workspaces",
  "jhipster:base-workspaces:bootstrap",
  "jhipster:bootstrap",
  "jhipster:bootstrap-application",
  "jhipster:bootstrap-application-base",
  "jhipster:bootstrap-application-client",
  "jhipster:bootstrap-application-server",
  "jhipster:bootstrap-workspaces",
  "jhipster:ci-cd",
  "jhipster:ci-cd:bootstrap",
  "jhipster:client",
  "jhipster:client:bootstrap",
  "jhipster:client:common",
  "jhipster:client:i18n",
  "jhipster:common",
  "jhipster:common:bootstrap",
  "jhipster:cypress",
  "jhipster:docker",
  "jhipster:docker-compose",
  "jhipster:docker:bootstrap",
  "jhipster:entities",
  "jhipster:entity",
  "jhipster:export-jdl",
  "jhipster:generate-blueprint",
  "jhipster:git",
  "jhipster:gradle",
  "jhipster:heroku",
  "jhipster:info",
  "jhipster:init",
  "jhipster:java",
  "jhipster:java-simple-application",
  "jhipster:java-simple-application:bootstrap",
  "jhipster:java-simple-application:build-tool",
  "jhipster:java-simple-application:code-quality",
  "jhipster:java-simple-application:graalvm",
  "jhipster:java-simple-application:jib",
  "jhipster:java-simple-application:maven",
  "jhipster:java-simple-application:openapi-generator",
  "jhipster:java:bootstrap",
  "jhipster:java:domain",
  "jhipster:java:gatling",
  "jhipster:java:i18n",
  "jhipster:java:node",
  "jhipster:java:server",
  "jhipster:javascript-simple-application",
  "jhipster:javascript-simple-application:bootstrap",
  "jhipster:javascript-simple-application:eslint",
  "jhipster:javascript-simple-application:husky",
  "jhipster:javascript-simple-application:prettier",
  "jhipster:jdl",
  "jhipster:jdl:bootstrap",
  "jhipster:kubernetes",
  "jhipster:kubernetes-helm",
  "jhipster:kubernetes-knative",
  "jhipster:kubernetes:bootstrap",
  "jhipster:languages",
  "jhipster:languages:bootstrap",
  "jhipster:liquibase",
  "jhipster:project-name",
  "jhipster:project-name:bootstrap",
  "jhipster:react",
  "jhipster:react:bootstrap",
  "jhipster:server",
  "jhipster:server:bootstrap",
  "jhipster:spring-boot",
  "jhipster:spring-boot:bootstrap",
  "jhipster:spring-boot:cucumber",
  "jhipster:spring-boot:feign-client",
  "jhipster:spring-boot:jwt",
  "jhipster:spring-boot:oauth2",
  "jhipster:spring-boot:websocket",
  "jhipster:spring-cache",
  "jhipster:spring-cloud-stream",
  "jhipster:spring-cloud-stream:kafka",
  "jhipster:spring-cloud-stream:pulsar",
  "jhipster:spring-cloud:gateway",
  "jhipster:spring-data",
  "jhipster:spring-data:cassandra",
  "jhipster:spring-data:couchbase",
  "jhipster:spring-data:elasticsearch",
  "jhipster:spring-data:mongodb",
  "jhipster:spring-data:neo4j",
  "jhipster:spring-data:relational",
  "jhipster:upgrade",
  "jhipster:vue",
  "jhipster:vue:bootstrap",
  "jhipster:workspaces",
]
`;

exports[`helpers runJHipster defaults should register jhipster generators namespaces 1`] = `
[
  "jhipster:angular",
  "jhipster:angular:bootstrap",
  "jhipster:app",
  "jhipster:app:bootstrap",
  "jhipster:base",
  "jhipster:base-application",
  "jhipster:base-application:bootstrap",
  "jhipster:base-core",
  "jhipster:base-entity-changes",
  "jhipster:base-simple-application",
  "jhipster:base-simple-application:bootstrap",
  "jhipster:base-workspaces",
  "jhipster:base-workspaces:bootstrap",
  "jhipster:bootstrap",
  "jhipster:bootstrap-application",
  "jhipster:bootstrap-application-base",
  "jhipster:bootstrap-application-client",
  "jhipster:bootstrap-application-server",
  "jhipster:bootstrap-workspaces",
  "jhipster:ci-cd",
  "jhipster:ci-cd:bootstrap",
  "jhipster:client",
  "jhipster:client:bootstrap",
  "jhipster:client:common",
  "jhipster:client:i18n",
  "jhipster:common",
  "jhipster:common:bootstrap",
  "jhipster:cypress",
  "jhipster:docker",
  "jhipster:docker-compose",
  "jhipster:docker:bootstrap",
  "jhipster:entities",
  "jhipster:entity",
  "jhipster:export-jdl",
  "jhipster:generate-blueprint",
  "jhipster:git",
  "jhipster:gradle",
  "jhipster:heroku",
  "jhipster:info",
  "jhipster:init",
  "jhipster:java",
  "jhipster:java-simple-application",
  "jhipster:java-simple-application:bootstrap",
  "jhipster:java-simple-application:build-tool",
  "jhipster:java-simple-application:code-quality",
  "jhipster:java-simple-application:graalvm",
  "jhipster:java-simple-application:jib",
  "jhipster:java-simple-application:maven",
  "jhipster:java-simple-application:openapi-generator",
  "jhipster:java:bootstrap",
  "jhipster:java:domain",
  "jhipster:java:gatling",
  "jhipster:java:i18n",
  "jhipster:java:node",
  "jhipster:java:server",
  "jhipster:javascript-simple-application",
  "jhipster:javascript-simple-application:bootstrap",
  "jhipster:javascript-simple-application:eslint",
  "jhipster:javascript-simple-application:husky",
  "jhipster:javascript-simple-application:prettier",
  "jhipster:jdl",
  "jhipster:jdl:bootstrap",
  "jhipster:kubernetes",
  "jhipster:kubernetes-helm",
  "jhipster:kubernetes-knative",
  "jhipster:kubernetes:bootstrap",
  "jhipster:languages",
  "jhipster:languages:bootstrap",
  "jhipster:liquibase",
  "jhipster:project-name",
  "jhipster:project-name:bootstrap",
  "jhipster:react",
  "jhipster:react:bootstrap",
  "jhipster:server",
  "jhipster:server:bootstrap",
  "jhipster:spring-boot",
  "jhipster:spring-boot:bootstrap",
  "jhipster:spring-boot:cucumber",
  "jhipster:spring-boot:feign-client",
  "jhipster:spring-boot:jwt",
  "jhipster:spring-boot:oauth2",
  "jhipster:spring-boot:websocket",
  "jhipster:spring-cache",
  "jhipster:spring-cloud-stream",
  "jhipster:spring-cloud-stream:kafka",
  "jhipster:spring-cloud-stream:pulsar",
  "jhipster:spring-cloud:gateway",
  "jhipster:spring-data",
  "jhipster:spring-data:cassandra",
  "jhipster:spring-data:couchbase",
  "jhipster:spring-data:elasticsearch",
  "jhipster:spring-data:mongodb",
  "jhipster:spring-data:neo4j",
  "jhipster:spring-data:relational",
  "jhipster:upgrade",
  "jhipster:vue",
  "jhipster:vue:bootstrap",
  "jhipster:workspaces",
]
`;

exports[`helpers runJHipster with useDefaultMocks should register jhipster generators namespaces 1`] = `
[
  "jhipster:angular",
  "jhipster:angular:bootstrap",
  "jhipster:app",
  "jhipster:app:bootstrap",
  "jhipster:base",
  "jhipster:base-application",
  "jhipster:base-application:bootstrap",
  "jhipster:base-core",
  "jhipster:base-entity-changes",
  "jhipster:base-simple-application",
  "jhipster:base-simple-application:bootstrap",
  "jhipster:base-workspaces",
  "jhipster:base-workspaces:bootstrap",
  "jhipster:bootstrap",
  "jhipster:bootstrap-application",
  "jhipster:bootstrap-application-base",
  "jhipster:bootstrap-application-client",
  "jhipster:bootstrap-application-server",
  "jhipster:bootstrap-workspaces",
  "jhipster:ci-cd",
  "jhipster:ci-cd:bootstrap",
  "jhipster:client",
  "jhipster:client:bootstrap",
  "jhipster:client:common",
  "jhipster:client:i18n",
  "jhipster:common",
  "jhipster:common:bootstrap",
  "jhipster:cypress",
  "jhipster:docker",
  "jhipster:docker-compose",
  "jhipster:docker:bootstrap",
  "jhipster:entities",
  "jhipster:entity",
  "jhipster:export-jdl",
  "jhipster:generate-blueprint",
  "jhipster:git",
  "jhipster:gradle",
  "jhipster:heroku",
  "jhipster:info",
  "jhipster:init",
  "jhipster:java",
  "jhipster:java-simple-application",
  "jhipster:java-simple-application:bootstrap",
  "jhipster:java-simple-application:build-tool",
  "jhipster:java-simple-application:code-quality",
  "jhipster:java-simple-application:graalvm",
  "jhipster:java-simple-application:jib",
  "jhipster:java-simple-application:maven",
  "jhipster:java-simple-application:openapi-generator",
  "jhipster:java:bootstrap",
  "jhipster:java:domain",
  "jhipster:java:gatling",
  "jhipster:java:i18n",
  "jhipster:java:node",
  "jhipster:java:server",
  "jhipster:javascript-simple-application",
  "jhipster:javascript-simple-application:bootstrap",
  "jhipster:javascript-simple-application:eslint",
  "jhipster:javascript-simple-application:husky",
  "jhipster:javascript-simple-application:prettier",
  "jhipster:jdl",
  "jhipster:jdl:bootstrap",
  "jhipster:kubernetes",
  "jhipster:kubernetes-helm",
  "jhipster:kubernetes-knative",
  "jhipster:kubernetes:bootstrap",
  "jhipster:languages",
  "jhipster:languages:bootstrap",
  "jhipster:liquibase",
  "jhipster:project-name",
  "jhipster:project-name:bootstrap",
  "jhipster:react",
  "jhipster:react:bootstrap",
  "jhipster:server",
  "jhipster:server:bootstrap",
  "jhipster:spring-boot",
  "jhipster:spring-boot:bootstrap",
  "jhipster:spring-boot:cucumber",
  "jhipster:spring-boot:feign-client",
  "jhipster:spring-boot:jwt",
  "jhipster:spring-boot:oauth2",
  "jhipster:spring-boot:websocket",
  "jhipster:spring-cache",
  "jhipster:spring-cloud-stream",
  "jhipster:spring-cloud-stream:kafka",
  "jhipster:spring-cloud-stream:pulsar",
  "jhipster:spring-cloud:gateway",
  "jhipster:spring-data",
  "jhipster:spring-data:cassandra",
  "jhipster:spring-data:couchbase",
  "jhipster:spring-data:elasticsearch",
  "jhipster:spring-data:mongodb",
  "jhipster:spring-data:neo4j",
  "jhipster:spring-data:relational",
  "jhipster:upgrade",
  "jhipster:vue",
  "jhipster:vue:bootstrap",
  "jhipster:workspaces",
]
`;
