// Jest Snapshot v1, https://jestjs.io/docs/snapshot-testing

exports[`generator - github-build-matrix with angular should match matrix value 1`] = `
"{
  "include": [
    {
      "job-name": "ng-default (n[0]/j[3])",
      "sample": "ng-default",
      "os": "ubuntu-latest",
      "node-version": "[0]",
      "java-version": "[3]",
      "npm-version": "NPM-VERSION",
      "default-environment": "prod",
      "jwt-secret-key": "ZjY4MTM4YjI5YzMwZjhjYjI2OTNkNTRjMWQ5Y2Q0Y2YwOWNmZTE2NzRmYzU3NTMwM2NjOTE3MTllOTM3MWRkMzcyYTljMjVmNmQ0Y2MxOTUzODc0MDhhMTlkMDIxMzI2YzQzZDM2ZDE3MmQ3NjVkODk3OTVmYzljYTQyZDNmMTQ=",
      "skip-compare": "true",
      "skip-backend-tests": "false",
      "skip-frontend-tests": "false",
      "name": "ng-default",
      "app-sample": "ng-default",
      "entity": "sqlfull",
      "sonar-analyse": "true",
      "workspaces": "false",
      "build-jhipster-bom": true,
      "jhipster-bom-branch": "main",
      "jhipster-bom-cicd-version": "0.0.0-CICD"
    },
    {
      "job-name": "ng-default-additional-webpack (n[1]/j[1])",
      "sample": "ng-default-additional",
      "os": "ubuntu-latest",
      "node-version": "[1]",
      "java-version": "[1]",
      "npm-version": "NPM-VERSION",
      "default-environment": "prod",
      "jwt-secret-key": "ZjY4MTM4YjI5YzMwZjhjYjI2OTNkNTRjMWQ5Y2Q0Y2YwOWNmZTE2NzRmYzU3NTMwM2NjOTE3MTllOTM3MWRkMzcyYTljMjVmNmQ0Y2MxOTUzODc0MDhhMTlkMDIxMzI2YzQzZDM2ZDE3MmQ3NjVkODk3OTVmYzljYTQyZDNmMTQ=",
      "skip-compare": "false",
      "skip-backend-tests": "false",
      "skip-frontend-tests": "false",
      "name": "ng-default-additional",
      "entity": "none",
      "app-sample": "ng-default",
      "jdl-entity": "*",
      "generatorOptions": {
        "removeNeedles": true,
        "clientTestFramework": "vitest",
        "clientBundler": "webpack"
      },
      "workspaces": "false",
      "build-jhipster-bom": true,
      "jhipster-bom-branch": "main",
      "jhipster-bom-cicd-version": "0.0.0-CICD"
    },
    {
      "job-name": "ng-mysql-es-noi18n-mapsid (n[2]/j[0])",
      "sample": "ng-mysql-es-noi18n-mapsid",
      "os": "ubuntu-latest",
      "node-version": "[2]",
      "java-version": "[0]",
      "npm-version": "NPM-VERSION",
      "default-environment": "prod",
      "jwt-secret-key": "ZjY4MTM4YjI5YzMwZjhjYjI2OTNkNTRjMWQ5Y2Q0Y2YwOWNmZTE2NzRmYzU3NTMwM2NjOTE3MTllOTM3MWRkMzcyYTljMjVmNmQ0Y2MxOTUzODc0MDhhMTlkMDIxMzI2YzQzZDM2ZDE3MmQ3NjVkODk3OTVmYzljYTQyZDNmMTQ=",
      "skip-compare": "false",
      "skip-backend-tests": "false",
      "skip-frontend-tests": "false",
      "name": "ng-mysql-es-noi18n-mapsid",
      "app-sample": "ng-mysql-es-noi18n-mapsid",
      "entity": "sql",
      "workspaces": "false",
      "build-jhipster-bom": true,
      "jhipster-bom-branch": "main",
      "jhipster-bom-cicd-version": "0.0.0-CICD"
    },
    {
      "job-name": "ng-mongodb-kafka-cucumber (n[2]/j[2])",
      "sample": "ng-mongodb-kafka-cucumber",
      "os": "ubuntu-latest",
      "node-version": "[2]",
      "java-version": "[2]",
      "npm-version": "NPM-VERSION",
      "default-environment": "prod",
      "jwt-secret-key": "ZjY4MTM4YjI5YzMwZjhjYjI2OTNkNTRjMWQ5Y2Q0Y2YwOWNmZTE2NzRmYzU3NTMwM2NjOTE3MTllOTM3MWRkMzcyYTljMjVmNmQ0Y2MxOTUzODc0MDhhMTlkMDIxMzI2YzQzZDM2ZDE3MmQ3NjVkODk3OTVmYzljYTQyZDNmMTQ=",
      "skip-compare": "false",
      "skip-backend-tests": "false",
      "skip-frontend-tests": "false",
      "name": "ng-mongodb-kafka-cucumber",
      "app-sample": "ng-mongodb-kafka-cucumber",
      "entity": "mongodb",
      "generatorOptions": {
        "clientTestFramework": "vitest",
        "defaultEnvironment": "dev"
      },
      "workspaces": "false",
      "build-jhipster-bom": true,
      "jhipster-bom-branch": "main",
      "jhipster-bom-cicd-version": "0.0.0-CICD"
    },
    {
      "job-name": "ng-h2mem-ws-nol2 (n[0]/j[2])",
      "sample": "ng-h2mem-ws-nol2",
      "os": "ubuntu-latest",
      "node-version": "[0]",
      "java-version": "[2]",
      "npm-version": "NPM-VERSION",
      "default-environment": "prod",
      "jwt-secret-key": "ZjY4MTM4YjI5YzMwZjhjYjI2OTNkNTRjMWQ5Y2Q0Y2YwOWNmZTE2NzRmYzU3NTMwM2NjOTE3MTllOTM3MWRkMzcyYTljMjVmNmQ0Y2MxOTUzODc0MDhhMTlkMDIxMzI2YzQzZDM2ZDE3MmQ3NjVkODk3OTVmYzljYTQyZDNmMTQ=",
      "skip-compare": "false",
      "skip-backend-tests": "false",
      "skip-frontend-tests": "false",
      "name": "ng-h2mem-ws-nol2",
      "app-sample": "ng-h2mem-ws-nol2",
      "entity": "sql",
      "generatorOptions": {
        "defaultEnvironment": "dev"
      },
      "workspaces": "false",
      "build-jhipster-bom": true,
      "jhipster-bom-branch": "main",
      "jhipster-bom-cicd-version": "0.0.0-CICD"
    },
    {
      "job-name": "ng-couchbase (n[1]/j[0])",
      "sample": "ng-couchbase",
      "os": "ubuntu-latest",
      "node-version": "[1]",
      "java-version": "[0]",
      "npm-version": "NPM-VERSION",
      "default-environment": "prod",
      "jwt-secret-key": "ZjY4MTM4YjI5YzMwZjhjYjI2OTNkNTRjMWQ5Y2Q0Y2YwOWNmZTE2NzRmYzU3NTMwM2NjOTE3MTllOTM3MWRkMzcyYTljMjVmNmQ0Y2MxOTUzODc0MDhhMTlkMDIxMzI2YzQzZDM2ZDE3MmQ3NjVkODk3OTVmYzljYTQyZDNmMTQ=",
      "skip-compare": "false",
      "skip-backend-tests": "false",
      "skip-frontend-tests": "false",
      "name": "ng-couchbase",
      "app-sample": "ng-couchbase",
      "entity": "couchbase",
      "workspaces": "false",
      "build-jhipster-bom": true,
      "jhipster-bom-branch": "main",
      "jhipster-bom-cicd-version": "0.0.0-CICD"
    },
    {
      "job-name": "ng-gradle-couchbase-search (n[0]/j[1])",
      "sample": "ng-gradle-couchbase-search",
      "os": "ubuntu-latest",
      "node-version": "[0]",
      "java-version": "[1]",
      "npm-version": "NPM-VERSION",
      "default-environment": "prod",
      "jwt-secret-key": "ZjY4MTM4YjI5YzMwZjhjYjI2OTNkNTRjMWQ5Y2Q0Y2YwOWNmZTE2NzRmYzU3NTMwM2NjOTE3MTllOTM3MWRkMzcyYTljMjVmNmQ0Y2MxOTUzODc0MDhhMTlkMDIxMzI2YzQzZDM2ZDE3MmQ3NjVkODk3OTVmYzljYTQyZDNmMTQ=",
      "skip-compare": "false",
      "skip-backend-tests": "false",
      "skip-frontend-tests": "false",
      "gradle-cache": true,
      "name": "ng-gradle-couchbase-search",
      "app-sample": "ng-gradle-couchbase-search",
      "entity": "couchbase",
      "workspaces": "false",
      "build-jhipster-bom": true,
      "jhipster-bom-branch": "main",
      "jhipster-bom-cicd-version": "0.0.0-CICD"
    },
    {
      "job-name": "ng-gradle-fr (n[2]/j[3])",
      "sample": "ng-gradle-fr",
      "os": "ubuntu-latest",
      "node-version": "[2]",
      "java-version": "[3]",
      "npm-version": "NPM-VERSION",
      "default-environment": "prod",
      "jwt-secret-key": "ZjY4MTM4YjI5YzMwZjhjYjI2OTNkNTRjMWQ5Y2Q0Y2YwOWNmZTE2NzRmYzU3NTMwM2NjOTE3MTllOTM3MWRkMzcyYTljMjVmNmQ0Y2MxOTUzODc0MDhhMTlkMDIxMzI2YzQzZDM2ZDE3MmQ3NjVkODk3OTVmYzljYTQyZDNmMTQ=",
      "skip-compare": "false",
      "skip-backend-tests": "false",
      "skip-frontend-tests": "false",
      "gradle-cache": true,
      "name": "ng-gradle-fr",
      "app-sample": "ng-gradle-fr",
      "entity": "sql",
      "workspaces": "false",
      "build-jhipster-bom": true,
      "jhipster-bom-branch": "main",
      "jhipster-bom-cicd-version": "0.0.0-CICD"
    },
    {
      "job-name": "ng-gradle-mariadb-oauth2-infinispan (n[2]/j[3])",
      "sample": "ng-gradle-mariadb-oauth2-infinispan",
      "os": "ubuntu-latest",
      "node-version": "[2]",
      "java-version": "[3]",
      "npm-version": "NPM-VERSION",
      "default-environment": "prod",
      "jwt-secret-key": "ZjY4MTM4YjI5YzMwZjhjYjI2OTNkNTRjMWQ5Y2Q0Y2YwOWNmZTE2NzRmYzU3NTMwM2NjOTE3MTllOTM3MWRkMzcyYTljMjVmNmQ0Y2MxOTUzODc0MDhhMTlkMDIxMzI2YzQzZDM2ZDE3MmQ3NjVkODk3OTVmYzljYTQyZDNmMTQ=",
      "skip-compare": "false",
      "skip-backend-tests": "false",
      "skip-frontend-tests": "false",
      "gradle-cache": true,
      "name": "ng-gradle-mariadb-oauth2-infinispan",
      "app-sample": "ng-gradle-mariadb-oauth2-infinispan",
      "entity": "sql",
      "generatorOptions": {
        "defaultEnvironment": "dev"
      },
      "workspaces": "false",
      "build-jhipster-bom": true,
      "jhipster-bom-branch": "main",
      "jhipster-bom-cicd-version": "0.0.0-CICD"
    },
    {
      "job-name": "ng-gradle-h2disk-ws-nocache (n[2]/j[3])",
      "sample": "ng-gradle-h2disk-ws-nocache",
      "os": "ubuntu-latest",
      "node-version": "[2]",
      "java-version": "[3]",
      "npm-version": "NPM-VERSION",
      "default-environment": "prod",
      "jwt-secret-key": "ZjY4MTM4YjI5YzMwZjhjYjI2OTNkNTRjMWQ5Y2Q0Y2YwOWNmZTE2NzRmYzU3NTMwM2NjOTE3MTllOTM3MWRkMzcyYTljMjVmNmQ0Y2MxOTUzODc0MDhhMTlkMDIxMzI2YzQzZDM2ZDE3MmQ3NjVkODk3OTVmYzljYTQyZDNmMTQ=",
      "skip-compare": "false",
      "skip-backend-tests": "false",
      "skip-frontend-tests": "false",
      "gradle-cache": true,
      "name": "ng-gradle-h2disk-ws-nocache",
      "app-sample": "ng-gradle-h2disk-ws-nocache",
      "entity": "sql",
      "generatorOptions": {
        "defaultEnvironment": "dev",
        "defaultPackaging": "war"
      },
      "workspaces": "false",
      "build-jhipster-bom": true,
      "jhipster-bom-branch": "main",
      "jhipster-bom-cicd-version": "0.0.0-CICD"
    },
    {
      "job-name": "ng-webflux-mongodb (n[2]/j[2])",
      "sample": "ng-webflux-mongodb",
      "os": "ubuntu-latest",
      "node-version": "[2]",
      "java-version": "[2]",
      "npm-version": "NPM-VERSION",
      "default-environment": "prod",
      "jwt-secret-key": "ZjY4MTM4YjI5YzMwZjhjYjI2OTNkNTRjMWQ5Y2Q0Y2YwOWNmZTE2NzRmYzU3NTMwM2NjOTE3MTllOTM3MWRkMzcyYTljMjVmNmQ0Y2MxOTUzODc0MDhhMTlkMDIxMzI2YzQzZDM2ZDE3MmQ3NjVkODk3OTVmYzljYTQyZDNmMTQ=",
      "skip-compare": "false",
      "skip-backend-tests": "false",
      "skip-frontend-tests": "false",
      "name": "ng-webflux-mongodb",
      "app-sample": "webflux-mongodb",
      "entity": "mongodb",
      "workspaces": "false",
      "build-jhipster-bom": true,
      "jhipster-bom-branch": "main",
      "jhipster-bom-cicd-version": "0.0.0-CICD"
    },
    {
      "job-name": "ng-webflux-gradle-mongodb-oauth2-webpack (n[0]/j[0])",
      "sample": "ng-webflux-gradle-mongodb-oauth2",
      "os": "ubuntu-latest",
      "node-version": "[0]",
      "java-version": "[0]",
      "npm-version": "NPM-VERSION",
      "default-environment": "prod",
      "jwt-secret-key": "ZjY4MTM4YjI5YzMwZjhjYjI2OTNkNTRjMWQ5Y2Q0Y2YwOWNmZTE2NzRmYzU3NTMwM2NjOTE3MTllOTM3MWRkMzcyYTljMjVmNmQ0Y2MxOTUzODc0MDhhMTlkMDIxMzI2YzQzZDM2ZDE3MmQ3NjVkODk3OTVmYzljYTQyZDNmMTQ=",
      "skip-compare": "false",
      "skip-backend-tests": "false",
      "skip-frontend-tests": "false",
      "gradle-cache": true,
      "name": "ng-webflux-gradle-mongodb-oauth2",
      "app-sample": "webflux-mongodb-oauth2",
      "entity": "mongodb",
      "workspaces": "false",
      "build-jhipster-bom": true,
      "jhipster-bom-branch": "main",
      "jhipster-bom-cicd-version": "0.0.0-CICD"
    },
    {
      "job-name": "ng-webflux-psql-default-webpack (n[0]/j[1])",
      "sample": "ng-webflux-psql-default",
      "os": "ubuntu-latest",
      "node-version": "[0]",
      "java-version": "[1]",
      "npm-version": "NPM-VERSION",
      "default-environment": "prod",
      "jwt-secret-key": "ZjY4MTM4YjI5YzMwZjhjYjI2OTNkNTRjMWQ5Y2Q0Y2YwOWNmZTE2NzRmYzU3NTMwM2NjOTE3MTllOTM3MWRkMzcyYTljMjVmNmQ0Y2MxOTUzODc0MDhhMTlkMDIxMzI2YzQzZDM2ZDE3MmQ3NjVkODk3OTVmYzljYTQyZDNmMTQ=",
      "skip-compare": "false",
      "skip-backend-tests": "false",
      "skip-frontend-tests": "false",
      "name": "ng-webflux-psql-default",
      "app-sample": "webflux-psql",
      "entity": "sql",
      "workspaces": "false",
      "build-jhipster-bom": true,
      "jhipster-bom-branch": "main",
      "jhipster-bom-cicd-version": "0.0.0-CICD"
    },
    {
      "job-name": "ng-webflux-psql-additional (n[2]/j[3])",
      "sample": "ng-webflux-psql-additional",
      "os": "ubuntu-latest",
      "node-version": "[2]",
      "java-version": "[3]",
      "npm-version": "NPM-VERSION",
      "default-environment": "prod",
      "jwt-secret-key": "ZjY4MTM4YjI5YzMwZjhjYjI2OTNkNTRjMWQ5Y2Q0Y2YwOWNmZTE2NzRmYzU3NTMwM2NjOTE3MTllOTM3MWRkMzcyYTljMjVmNmQ0Y2MxOTUzODc0MDhhMTlkMDIxMzI2YzQzZDM2ZDE3MmQ3NjVkODk3OTVmYzljYTQyZDNmMTQ=",
      "skip-compare": "false",
      "skip-backend-tests": "false",
      "skip-frontend-tests": "false",
      "name": "ng-webflux-psql-additional",
      "jdl-samples": "webflux-psql,custom-domain",
      "workspaces": "false",
      "build-jhipster-bom": true,
      "jhipster-bom-branch": "main",
      "jhipster-bom-cicd-version": "0.0.0-CICD"
    },
    {
      "job-name": "ng-webflux-gradle-session-h2mem-es-webpack (n[2]/j[1])",
      "sample": "ng-webflux-gradle-session-h2mem-es",
      "os": "ubuntu-latest",
      "node-version": "[2]",
      "java-version": "[1]",
      "npm-version": "NPM-VERSION",
      "default-environment": "prod",
      "jwt-secret-key": "ZjY4MTM4YjI5YzMwZjhjYjI2OTNkNTRjMWQ5Y2Q0Y2YwOWNmZTE2NzRmYzU3NTMwM2NjOTE3MTllOTM3MWRkMzcyYTljMjVmNmQ0Y2MxOTUzODc0MDhhMTlkMDIxMzI2YzQzZDM2ZDE3MmQ3NjVkODk3OTVmYzljYTQyZDNmMTQ=",
      "skip-compare": "false",
      "skip-backend-tests": "false",
      "skip-frontend-tests": "false",
      "gradle-cache": true,
      "name": "ng-webflux-gradle-session-h2mem-es",
      "app-sample": "webflux-gradle-session-h2mem-es",
      "generatorOptions": {
        "defaultEnvironment": "dev"
      },
      "entity": "sqllight",
      "workspaces": "false",
      "build-jhipster-bom": true,
      "jhipster-bom-branch": "main",
      "jhipster-bom-cicd-version": "0.0.0-CICD"
    },
    {
      "job-name": "ng-webflux-couchbase (n[1]/j[3])",
      "sample": "ng-webflux-couchbase",
      "os": "ubuntu-latest",
      "node-version": "[1]",
      "java-version": "[3]",
      "npm-version": "NPM-VERSION",
      "default-environment": "prod",
      "jwt-secret-key": "ZjY4MTM4YjI5YzMwZjhjYjI2OTNkNTRjMWQ5Y2Q0Y2YwOWNmZTE2NzRmYzU3NTMwM2NjOTE3MTllOTM3MWRkMzcyYTljMjVmNmQ0Y2MxOTUzODc0MDhhMTlkMDIxMzI2YzQzZDM2ZDE3MmQ3NjVkODk3OTVmYzljYTQyZDNmMTQ=",
      "skip-compare": "false",
      "skip-backend-tests": "false",
      "skip-frontend-tests": "false",
      "name": "ng-webflux-couchbase",
      "app-sample": "webflux-couchbase",
      "entity": "couchbase",
      "workspaces": "false",
      "build-jhipster-bom": true,
      "jhipster-bom-branch": "main",
      "jhipster-bom-cicd-version": "0.0.0-CICD"
    },
    {
      "job-name": "ms-ng-oauth2-mongodb-caffeine (n[1]/j[1])",
      "sample": "ms-ng-oauth2-mongodb-caffeine",
      "os": "ubuntu-latest",
      "node-version": "[1]",
      "java-version": "[1]",
      "npm-version": "NPM-VERSION",
      "default-environment": "prod",
      "jwt-secret-key": "ZjY4MTM4YjI5YzMwZjhjYjI2OTNkNTRjMWQ5Y2Q0Y2YwOWNmZTE2NzRmYzU3NTMwM2NjOTE3MTllOTM3MWRkMzcyYTljMjVmNmQ0Y2MxOTUzODc0MDhhMTlkMDIxMzI2YzQzZDM2ZDE3MmQ3NjVkODk3OTVmYzljYTQyZDNmMTQ=",
      "skip-compare": "false",
      "skip-backend-tests": "false",
      "skip-frontend-tests": "false",
      "gradle-cache": true,
      "name": "ms-ng-oauth2-mongodb-caffeine",
      "jdl-samples": "ms-ng-oauth2-mongodb-caffeine",
      "generatorOptions": {
        "workspaces": true,
        "experimental": true,
        "monorepository": true
      },
      "workspaces": "true",
      "build-jhipster-bom": true,
      "jhipster-bom-branch": "main",
      "jhipster-bom-cicd-version": "0.0.0-CICD"
    },
    {
      "job-name": "mf-ng-eureka-jwt-psql-ehcache (n[0]/j[0])",
      "sample": "mf-ng-eureka-jwt-psql-ehcache",
      "os": "ubuntu-latest",
      "node-version": "[0]",
      "java-version": "[0]",
      "npm-version": "NPM-VERSION",
      "default-environment": "prod",
      "jwt-secret-key": "ZjY4MTM4YjI5YzMwZjhjYjI2OTNkNTRjMWQ5Y2Q0Y2YwOWNmZTE2NzRmYzU3NTMwM2NjOTE3MTllOTM3MWRkMzcyYTljMjVmNmQ0Y2MxOTUzODc0MDhhMTlkMDIxMzI2YzQzZDM2ZDE3MmQ3NjVkODk3OTVmYzljYTQyZDNmMTQ=",
      "skip-compare": "false",
      "skip-backend-tests": "false",
      "skip-frontend-tests": "false",
      "gradle-cache": true,
      "name": "mf-ng-eureka-jwt-psql-ehcache",
      "jdl-samples": "mf-ng-eureka-jwt-psql-ehcache",
      "generatorOptions": {
        "workspaces": true,
        "monorepository": true
      },
      "workspaces": "true",
      "build-jhipster-bom": true,
      "jhipster-bom-branch": "main",
      "jhipster-bom-cicd-version": "0.0.0-CICD"
    },
    {
      "job-name": "ms-mf-ng-consul-oauth2-neo4j (n[0]/j[0])",
      "sample": "ms-mf-ng-consul-oauth2-neo4j",
      "os": "ubuntu-latest",
      "node-version": "[0]",
      "java-version": "[0]",
      "npm-version": "NPM-VERSION",
      "default-environment": "prod",
      "jwt-secret-key": "ZjY4MTM4YjI5YzMwZjhjYjI2OTNkNTRjMWQ5Y2Q0Y2YwOWNmZTE2NzRmYzU3NTMwM2NjOTE3MTllOTM3MWRkMzcyYTljMjVmNmQ0Y2MxOTUzODc0MDhhMTlkMDIxMzI2YzQzZDM2ZDE3MmQ3NjVkODk3OTVmYzljYTQyZDNmMTQ=",
      "skip-compare": "false",
      "skip-backend-tests": "false",
      "skip-frontend-tests": "false",
      "gradle-cache": true,
      "name": "ms-mf-ng-consul-oauth2-neo4j",
      "jdl-samples": "ms-mf-ng-consul-oauth2-neo4j",
      "generatorOptions": {
        "workspaces": true,
        "monorepository": true
      },
      "workspaces": "true",
      "build-jhipster-bom": true,
      "jhipster-bom-branch": "main",
      "jhipster-bom-cicd-version": "0.0.0-CICD"
    }
  ]
}"
`;

exports[`generator - github-build-matrix with devserver should match matrix value 1`] = `
"{
  "include": [
    {
      "job-name": "ng-default-esbuild",
      "sample": "samples/ng-default",
      "os": "macos-latest",
      "node-version": "NODE-VERSION",
      "java-version": "JAVA-VERSION",
      "npm-version": "NPM-VERSION",
      "default-environment": "prod",
      "jwt-secret-key": "ZjY4MTM4YjI5YzMwZjhjYjI2OTNkNTRjMWQ5Y2Q0Y2YwOWNmZTE2NzRmYzU3NTMwM2NjOTE3MTllOTM3MWRkMzcyYTljMjVmNmQ0Y2MxOTUzODc0MDhhMTlkMDIxMzI2YzQzZDM2ZDE3MmQ3NjVkODk3OTVmYzljYTQyZDNmMTQ=",
      "args": "--sample-yorc-folder --entities-sample sqllight --client-bundler esbuild",
      "build-jhipster-bom": true,
      "jhipster-bom-branch": "main",
      "jhipster-bom-cicd-version": "0.0.0-CICD"
    },
    {
      "job-name": "ng-default-webpack",
      "sample": "samples/ng-default",
      "os": "ubuntu-latest",
      "node-version": "NODE-VERSION",
      "java-version": "JAVA-VERSION",
      "npm-version": "NPM-VERSION",
      "default-environment": "prod",
      "jwt-secret-key": "ZjY4MTM4YjI5YzMwZjhjYjI2OTNkNTRjMWQ5Y2Q0Y2YwOWNmZTE2NzRmYzU3NTMwM2NjOTE3MTllOTM3MWRkMzcyYTljMjVmNmQ0Y2MxOTUzODc0MDhhMTlkMDIxMzI2YzQzZDM2ZDE3MmQ3NjVkODk3OTVmYzljYTQyZDNmMTQ=",
      "args": "--sample-yorc-folder --entities-sample sqllight --client-bundler webpack",
      "build-jhipster-bom": true,
      "jhipster-bom-branch": "main",
      "jhipster-bom-cicd-version": "0.0.0-CICD"
    },
    {
      "job-name": "react-default",
      "sample": "samples/react-default",
      "os": "macos-latest",
      "node-version": "NODE-VERSION",
      "java-version": "JAVA-VERSION",
      "npm-version": "NPM-VERSION",
      "default-environment": "prod",
      "jwt-secret-key": "ZjY4MTM4YjI5YzMwZjhjYjI2OTNkNTRjMWQ5Y2Q0Y2YwOWNmZTE2NzRmYzU3NTMwM2NjOTE3MTllOTM3MWRkMzcyYTljMjVmNmQ0Y2MxOTUzODc0MDhhMTlkMDIxMzI2YzQzZDM2ZDE3MmQ3NjVkODk3OTVmYzljYTQyZDNmMTQ=",
      "args": "--sample-yorc-folder --entities-sample sqllight",
      "build-jhipster-bom": true,
      "jhipster-bom-branch": "main",
      "jhipster-bom-cicd-version": "0.0.0-CICD"
    },
    {
      "job-name": "vue-default",
      "sample": "samples/vue-default",
      "os": "ubuntu-latest",
      "node-version": "NODE-VERSION",
      "java-version": "JAVA-VERSION",
      "npm-version": "NPM-VERSION",
      "default-environment": "prod",
      "jwt-secret-key": "ZjY4MTM4YjI5YzMwZjhjYjI2OTNkNTRjMWQ5Y2Q0Y2YwOWNmZTE2NzRmYzU3NTMwM2NjOTE3MTllOTM3MWRkMzcyYTljMjVmNmQ0Y2MxOTUzODc0MDhhMTlkMDIxMzI2YzQzZDM2ZDE3MmQ3NjVkODk3OTVmYzljYTQyZDNmMTQ=",
      "args": "--sample-yorc-folder --entities-sample sqllight",
      "build-jhipster-bom": true,
      "jhipster-bom-branch": "main",
      "jhipster-bom-cicd-version": "0.0.0-CICD"
    }
  ]
}"
`;

exports[`generator - github-build-matrix with docker-compose-integration should match matrix value 1`] = `
"{
  "include": [
    {
      "job-name": "cassandra-maven-jwt",
      "sample": "cassandra-maven-jwt",
      "os": "ubuntu-latest",
      "node-version": "NODE-VERSION",
      "java-version": "JAVA-VERSION",
      "npm-version": "NPM-VERSION",
      "default-environment": "prod",
      "jwt-secret-key": "ZjY4MTM4YjI5YzMwZjhjYjI2OTNkNTRjMWQ5Y2Q0Y2YwOWNmZTE2NzRmYzU3NTMwM2NjOTE3MTllOTM3MWRkMzcyYTljMjVmNmQ0Y2MxOTUzODc0MDhhMTlkMDIxMzI2YzQzZDM2ZDE3MmQ3NjVkODk3OTVmYzljYTQyZDNmMTQ=",
      "cmd-e2e": "npm run ci:e2e:dev",
      "args": "jdl",
      "jdl": "application {\\n  config {\\n    testFrameworks [cypress]\\n    databaseType cassandra\\n    buildTool maven\\n    authenticationType jwt\\n  }\\n}",
      "samples-group": "docker-compose-integration",
      "build-jhipster-bom": true,
      "jhipster-bom-branch": "main",
      "jhipster-bom-cicd-version": "0.0.0-CICD"
    },
    {
      "job-name": "cassandra-reactive(true)-gradle-elasticsearch-oauth2-consul-kafka",
      "sample": "cassandra-reactive(true)-gradle-elasticsearch-oauth2-consul-kafka",
      "os": "ubuntu-latest",
      "node-version": "NODE-VERSION",
      "java-version": "JAVA-VERSION",
      "npm-version": "NPM-VERSION",
      "default-environment": "prod",
      "jwt-secret-key": "ZjY4MTM4YjI5YzMwZjhjYjI2OTNkNTRjMWQ5Y2Q0Y2YwOWNmZTE2NzRmYzU3NTMwM2NjOTE3MTllOTM3MWRkMzcyYTljMjVmNmQ0Y2MxOTUzODc0MDhhMTlkMDIxMzI2YzQzZDM2ZDE3MmQ3NjVkODk3OTVmYzljYTQyZDNmMTQ=",
      "cmd-e2e": "npm run ci:e2e:dev",
      "args": "jdl",
      "jdl": "application {\\n  config {\\n    testFrameworks [cypress]\\n    databaseType cassandra\\n    reactive true\\n    buildTool gradle\\n    searchEngine elasticsearch\\n    authenticationType oauth2\\n    serviceDiscoveryType consul\\n    messageBroker kafka\\n  }\\n}",
      "samples-group": "docker-compose-integration",
      "build-jhipster-bom": true,
      "jhipster-bom-branch": "main",
      "jhipster-bom-cicd-version": "0.0.0-CICD"
    },
    {
      "job-name": "mongodb-maven-jwt-kafka",
      "sample": "mongodb-maven-jwt-kafka",
      "os": "ubuntu-latest",
      "node-version": "NODE-VERSION",
      "java-version": "JAVA-VERSION",
      "npm-version": "NPM-VERSION",
      "default-environment": "prod",
      "jwt-secret-key": "ZjY4MTM4YjI5YzMwZjhjYjI2OTNkNTRjMWQ5Y2Q0Y2YwOWNmZTE2NzRmYzU3NTMwM2NjOTE3MTllOTM3MWRkMzcyYTljMjVmNmQ0Y2MxOTUzODc0MDhhMTlkMDIxMzI2YzQzZDM2ZDE3MmQ3NjVkODk3OTVmYzljYTQyZDNmMTQ=",
      "cmd-e2e": "npm run ci:e2e:dev",
      "args": "jdl",
      "jdl": "application {\\n  config {\\n    testFrameworks [cypress]\\n    databaseType mongodb\\n    buildTool maven\\n    authenticationType jwt\\n    messageBroker kafka\\n  }\\n}",
      "samples-group": "docker-compose-integration",
      "build-jhipster-bom": true,
      "jhipster-bom-branch": "main",
      "jhipster-bom-cicd-version": "0.0.0-CICD"
    },
    {
      "job-name": "mongodb-reactive(true)-gradle-elasticsearch-oauth2-consul",
      "sample": "mongodb-reactive(true)-gradle-elasticsearch-oauth2-consul",
      "os": "ubuntu-latest",
      "node-version": "NODE-VERSION",
      "java-version": "JAVA-VERSION",
      "npm-version": "NPM-VERSION",
      "default-environment": "prod",
      "jwt-secret-key": "ZjY4MTM4YjI5YzMwZjhjYjI2OTNkNTRjMWQ5Y2Q0Y2YwOWNmZTE2NzRmYzU3NTMwM2NjOTE3MTllOTM3MWRkMzcyYTljMjVmNmQ0Y2MxOTUzODc0MDhhMTlkMDIxMzI2YzQzZDM2ZDE3MmQ3NjVkODk3OTVmYzljYTQyZDNmMTQ=",
      "cmd-e2e": "npm run ci:e2e:dev",
      "args": "jdl",
      "jdl": "application {\\n  config {\\n    testFrameworks [cypress]\\n    databaseType mongodb\\n    reactive true\\n    buildTool gradle\\n    searchEngine elasticsearch\\n    authenticationType oauth2\\n    serviceDiscoveryType consul\\n  }\\n}",
      "samples-group": "docker-compose-integration",
      "build-jhipster-bom": true,
      "jhipster-bom-branch": "main",
      "jhipster-bom-cicd-version": "0.0.0-CICD"
    },
    {
      "job-name": "neo4j-maven-jwt-eureka",
      "sample": "neo4j-maven-jwt-eureka",
      "os": "ubuntu-latest",
      "node-version": "NODE-VERSION",
      "java-version": "JAVA-VERSION",
      "npm-version": "NPM-VERSION",
      "default-environment": "prod",
      "jwt-secret-key": "ZjY4MTM4YjI5YzMwZjhjYjI2OTNkNTRjMWQ5Y2Q0Y2YwOWNmZTE2NzRmYzU3NTMwM2NjOTE3MTllOTM3MWRkMzcyYTljMjVmNmQ0Y2MxOTUzODc0MDhhMTlkMDIxMzI2YzQzZDM2ZDE3MmQ3NjVkODk3OTVmYzljYTQyZDNmMTQ=",
      "cmd-e2e": "npm run ci:e2e:dev",
      "args": "jdl",
      "jdl": "application {\\n  config {\\n    testFrameworks [cypress]\\n    databaseType neo4j\\n    buildTool maven\\n    authenticationType jwt\\n    serviceDiscoveryType eureka\\n  }\\n}",
      "samples-group": "docker-compose-integration",
      "build-jhipster-bom": true,
      "jhipster-bom-branch": "main",
      "jhipster-bom-cicd-version": "0.0.0-CICD"
    },
    {
      "job-name": "neo4j-reactive(true)-gradle-elasticsearch-oauth2-eureka-kafka",
      "sample": "neo4j-reactive(true)-gradle-elasticsearch-oauth2-eureka-kafka",
      "os": "ubuntu-latest",
      "node-version": "NODE-VERSION",
      "java-version": "JAVA-VERSION",
      "npm-version": "NPM-VERSION",
      "default-environment": "prod",
      "jwt-secret-key": "ZjY4MTM4YjI5YzMwZjhjYjI2OTNkNTRjMWQ5Y2Q0Y2YwOWNmZTE2NzRmYzU3NTMwM2NjOTE3MTllOTM3MWRkMzcyYTljMjVmNmQ0Y2MxOTUzODc0MDhhMTlkMDIxMzI2YzQzZDM2ZDE3MmQ3NjVkODk3OTVmYzljYTQyZDNmMTQ=",
      "cmd-e2e": "npm run ci:e2e:dev",
      "args": "jdl",
      "jdl": "application {\\n  config {\\n    testFrameworks [cypress]\\n    databaseType neo4j\\n    reactive true\\n    buildTool gradle\\n    searchEngine elasticsearch\\n    authenticationType oauth2\\n    serviceDiscoveryType eureka\\n    messageBroker kafka\\n  }\\n}",
      "samples-group": "docker-compose-integration",
      "build-jhipster-bom": true,
      "jhipster-bom-branch": "main",
      "jhipster-bom-cicd-version": "0.0.0-CICD"
    },
    {
      "job-name": "postgresql-cacheProvider(no)-maven-jwt-eureka-kafka",
      "sample": "postgresql-cacheProvider(no)-maven-jwt-eureka-kafka",
      "os": "ubuntu-latest",
      "node-version": "NODE-VERSION",
      "java-version": "JAVA-VERSION",
      "npm-version": "NPM-VERSION",
      "default-environment": "prod",
      "jwt-secret-key": "ZjY4MTM4YjI5YzMwZjhjYjI2OTNkNTRjMWQ5Y2Q0Y2YwOWNmZTE2NzRmYzU3NTMwM2NjOTE3MTllOTM3MWRkMzcyYTljMjVmNmQ0Y2MxOTUzODc0MDhhMTlkMDIxMzI2YzQzZDM2ZDE3MmQ3NjVkODk3OTVmYzljYTQyZDNmMTQ=",
      "cmd-e2e": "npm run ci:e2e:dev",
      "args": "jdl",
      "jdl": "application {\\n  config {\\n    testFrameworks [cypress]\\n    prodDatabaseType postgresql\\n    cacheProvider no\\n    buildTool maven\\n    authenticationType jwt\\n    serviceDiscoveryType eureka\\n    messageBroker kafka\\n  }\\n}",
      "samples-group": "docker-compose-integration",
      "build-jhipster-bom": true,
      "jhipster-bom-branch": "main",
      "jhipster-bom-cicd-version": "0.0.0-CICD"
    },
    {
      "job-name": "mysql-memcached-gradle-elasticsearch-oauth2-eureka",
      "sample": "mysql-memcached-gradle-elasticsearch-oauth2-eureka",
      "os": "ubuntu-latest",
      "node-version": "NODE-VERSION",
      "java-version": "JAVA-VERSION",
      "npm-version": "NPM-VERSION",
      "default-environment": "prod",
      "jwt-secret-key": "ZjY4MTM4YjI5YzMwZjhjYjI2OTNkNTRjMWQ5Y2Q0Y2YwOWNmZTE2NzRmYzU3NTMwM2NjOTE3MTllOTM3MWRkMzcyYTljMjVmNmQ0Y2MxOTUzODc0MDhhMTlkMDIxMzI2YzQzZDM2ZDE3MmQ3NjVkODk3OTVmYzljYTQyZDNmMTQ=",
      "cmd-e2e": "npm run ci:e2e:dev",
      "args": "jdl",
      "jdl": "application {\\n  config {\\n    testFrameworks [cypress]\\n    prodDatabaseType mysql\\n    cacheProvider memcached\\n    buildTool gradle\\n    searchEngine elasticsearch\\n    authenticationType oauth2\\n    serviceDiscoveryType eureka\\n  }\\n}",
      "samples-group": "docker-compose-integration",
      "build-jhipster-bom": true,
      "jhipster-bom-branch": "main",
      "jhipster-bom-cicd-version": "0.0.0-CICD"
    },
    {
      "job-name": "mariadb-redis-maven-jwt-consul",
      "sample": "mariadb-redis-maven-jwt-consul",
      "os": "ubuntu-latest",
      "node-version": "NODE-VERSION",
      "java-version": "JAVA-VERSION",
      "npm-version": "NPM-VERSION",
      "default-environment": "prod",
      "jwt-secret-key": "ZjY4MTM4YjI5YzMwZjhjYjI2OTNkNTRjMWQ5Y2Q0Y2YwOWNmZTE2NzRmYzU3NTMwM2NjOTE3MTllOTM3MWRkMzcyYTljMjVmNmQ0Y2MxOTUzODc0MDhhMTlkMDIxMzI2YzQzZDM2ZDE3MmQ3NjVkODk3OTVmYzljYTQyZDNmMTQ=",
      "cmd-e2e": "npm run ci:e2e:dev",
      "args": "jdl",
      "jdl": "application {\\n  config {\\n    testFrameworks [cypress]\\n    prodDatabaseType mariadb\\n    cacheProvider redis\\n    buildTool maven\\n    authenticationType jwt\\n    serviceDiscoveryType consul\\n  }\\n}",
      "samples-group": "docker-compose-integration",
      "build-jhipster-bom": true,
      "jhipster-bom-branch": "main",
      "jhipster-bom-cicd-version": "0.0.0-CICD"
    },
    {
      "job-name": "postgresql-reactive(true)-gradle-elasticsearch-oauth2-kafka",
      "sample": "postgresql-reactive(true)-gradle-elasticsearch-oauth2-kafka",
      "os": "ubuntu-latest",
      "node-version": "NODE-VERSION",
      "java-version": "JAVA-VERSION",
      "npm-version": "NPM-VERSION",
      "default-environment": "prod",
      "jwt-secret-key": "ZjY4MTM4YjI5YzMwZjhjYjI2OTNkNTRjMWQ5Y2Q0Y2YwOWNmZTE2NzRmYzU3NTMwM2NjOTE3MTllOTM3MWRkMzcyYTljMjVmNmQ0Y2MxOTUzODc0MDhhMTlkMDIxMzI2YzQzZDM2ZDE3MmQ3NjVkODk3OTVmYzljYTQyZDNmMTQ=",
      "cmd-e2e": "npm run ci:e2e:dev",
      "args": "jdl",
      "jdl": "application {\\n  config {\\n    testFrameworks [cypress]\\n    prodDatabaseType postgresql\\n    reactive true\\n    buildTool gradle\\n    searchEngine elasticsearch\\n    authenticationType oauth2\\n    messageBroker kafka\\n  }\\n}",
      "samples-group": "docker-compose-integration",
      "build-jhipster-bom": true,
      "jhipster-bom-branch": "main",
      "jhipster-bom-cicd-version": "0.0.0-CICD"
    },
    {
      "job-name": "mysql-reactive(true)-maven-jwt-consul-kafka",
      "sample": "mysql-reactive(true)-maven-jwt-consul-kafka",
      "os": "ubuntu-latest",
      "node-version": "NODE-VERSION",
      "java-version": "JAVA-VERSION",
      "npm-version": "NPM-VERSION",
      "default-environment": "prod",
      "jwt-secret-key": "ZjY4MTM4YjI5YzMwZjhjYjI2OTNkNTRjMWQ5Y2Q0Y2YwOWNmZTE2NzRmYzU3NTMwM2NjOTE3MTllOTM3MWRkMzcyYTljMjVmNmQ0Y2MxOTUzODc0MDhhMTlkMDIxMzI2YzQzZDM2ZDE3MmQ3NjVkODk3OTVmYzljYTQyZDNmMTQ=",
      "cmd-e2e": "npm run ci:e2e:dev",
      "args": "jdl",
      "jdl": "application {\\n  config {\\n    testFrameworks [cypress]\\n    prodDatabaseType mysql\\n    reactive true\\n    buildTool maven\\n    authenticationType jwt\\n    serviceDiscoveryType consul\\n    messageBroker kafka\\n  }\\n}",
      "samples-group": "docker-compose-integration",
      "build-jhipster-bom": true,
      "jhipster-bom-branch": "main",
      "jhipster-bom-cicd-version": "0.0.0-CICD"
    },
    {
      "job-name": "mariadb-reactive(true)-gradle-elasticsearch-oauth2",
      "sample": "mariadb-reactive(true)-gradle-elasticsearch-oauth2",
      "os": "ubuntu-latest",
      "node-version": "NODE-VERSION",
      "java-version": "JAVA-VERSION",
      "npm-version": "NPM-VERSION",
      "default-environment": "prod",
      "jwt-secret-key": "ZjY4MTM4YjI5YzMwZjhjYjI2OTNkNTRjMWQ5Y2Q0Y2YwOWNmZTE2NzRmYzU3NTMwM2NjOTE3MTllOTM3MWRkMzcyYTljMjVmNmQ0Y2MxOTUzODc0MDhhMTlkMDIxMzI2YzQzZDM2ZDE3MmQ3NjVkODk3OTVmYzljYTQyZDNmMTQ=",
      "cmd-e2e": "npm run ci:e2e:dev",
      "args": "jdl",
      "jdl": "application {\\n  config {\\n    testFrameworks [cypress]\\n    prodDatabaseType mariadb\\n    reactive true\\n    buildTool gradle\\n    searchEngine elasticsearch\\n    authenticationType oauth2\\n  }\\n}",
      "samples-group": "docker-compose-integration",
      "build-jhipster-bom": true,
      "jhipster-bom-branch": "main",
      "jhipster-bom-cicd-version": "0.0.0-CICD"
    },
    {
      "job-name": "h2",
      "sample": "h2",
      "os": "ubuntu-latest",
      "node-version": "NODE-VERSION",
      "java-version": "JAVA-VERSION",
      "npm-version": "NPM-VERSION",
      "default-environment": "prod",
      "jwt-secret-key": "ZjY4MTM4YjI5YzMwZjhjYjI2OTNkNTRjMWQ5Y2Q0Y2YwOWNmZTE2NzRmYzU3NTMwM2NjOTE3MTllOTM3MWRkMzcyYTljMjVmNmQ0Y2MxOTUzODc0MDhhMTlkMDIxMzI2YzQzZDM2ZDE3MmQ3NjVkODk3OTVmYzljYTQyZDNmMTQ=",
      "cmd-e2e": "npm run ci:e2e:dev",
      "args": "jdl",
      "jdl": "application {\\n  config {\\n    testFrameworks [cypress]\\n    devDatabaseType h2Disk\\n  }\\n}",
      "samples-group": "docker-compose-integration",
      "build-jhipster-bom": true,
      "jhipster-bom-branch": "main",
      "jhipster-bom-cicd-version": "0.0.0-CICD"
    }
  ]
}"
`;

exports[`generator - github-build-matrix with graalvm should match matrix value 1`] = `
"{
  "include": [
    {
      "job-name": "maven",
      "sample": "maven",
      "os": "ubuntu-latest",
      "node-version": "NODE-VERSION",
      "java-version": "21",
      "npm-version": "NPM-VERSION",
      "default-environment": "prod",
      "jwt-secret-key": "ZjY4MTM4YjI5YzMwZjhjYjI2OTNkNTRjMWQ5Y2Q0Y2YwOWNmZTE2NzRmYzU3NTMwM2NjOTE3MTllOTM3MWRkMzcyYTljMjVmNmQ0Y2MxOTUzODc0MDhhMTlkMDIxMzI2YzQzZDM2ZDE3MmQ3NjVkODk3OTVmYzljYTQyZDNmMTQ=",
      "jdl": "application {\\n  config {\\n    testFrameworks [cypress]\\n    buildTool maven\\n    graalvmSupport true\\n  }\\n}",
      "samples-group": "graalvm",
      "build-jhipster-bom": true,
      "jhipster-bom-branch": "main",
      "jhipster-bom-cicd-version": "0.0.0-CICD"
    },
    {
      "job-name": "maven-reactive(true)",
      "sample": "maven-reactive(true)",
      "os": "ubuntu-latest",
      "node-version": "NODE-VERSION",
      "java-version": "21",
      "npm-version": "NPM-VERSION",
      "default-environment": "prod",
      "jwt-secret-key": "ZjY4MTM4YjI5YzMwZjhjYjI2OTNkNTRjMWQ5Y2Q0Y2YwOWNmZTE2NzRmYzU3NTMwM2NjOTE3MTllOTM3MWRkMzcyYTljMjVmNmQ0Y2MxOTUzODc0MDhhMTlkMDIxMzI2YzQzZDM2ZDE3MmQ3NjVkODk3OTVmYzljYTQyZDNmMTQ=",
      "jdl": "application {\\n  config {\\n    testFrameworks [cypress]\\n    buildTool maven\\n    reactive true\\n    graalvmSupport true\\n  }\\n}",
      "samples-group": "graalvm",
      "build-jhipster-bom": true,
      "jhipster-bom-branch": "main",
      "jhipster-bom-cicd-version": "0.0.0-CICD"
    },
    {
      "job-name": "gradle",
      "sample": "gradle",
      "os": "ubuntu-latest",
      "node-version": "NODE-VERSION",
      "java-version": "21",
      "npm-version": "NPM-VERSION",
      "default-environment": "prod",
      "jwt-secret-key": "ZjY4MTM4YjI5YzMwZjhjYjI2OTNkNTRjMWQ5Y2Q0Y2YwOWNmZTE2NzRmYzU3NTMwM2NjOTE3MTllOTM3MWRkMzcyYTljMjVmNmQ0Y2MxOTUzODc0MDhhMTlkMDIxMzI2YzQzZDM2ZDE3MmQ3NjVkODk3OTVmYzljYTQyZDNmMTQ=",
      "jdl": "application {\\n  config {\\n    testFrameworks [cypress]\\n    buildTool gradle\\n    graalvmSupport true\\n  }\\n}",
      "samples-group": "graalvm",
      "build-jhipster-bom": true,
      "jhipster-bom-branch": "main",
      "jhipster-bom-cicd-version": "0.0.0-CICD"
    },
    {
      "job-name": "gradle-reactive(true)",
      "sample": "gradle-reactive(true)",
      "os": "ubuntu-latest",
      "node-version": "NODE-VERSION",
      "java-version": "21",
      "npm-version": "NPM-VERSION",
      "default-environment": "prod",
      "jwt-secret-key": "ZjY4MTM4YjI5YzMwZjhjYjI2OTNkNTRjMWQ5Y2Q0Y2YwOWNmZTE2NzRmYzU3NTMwM2NjOTE3MTllOTM3MWRkMzcyYTljMjVmNmQ0Y2MxOTUzODc0MDhhMTlkMDIxMzI2YzQzZDM2ZDE3MmQ3NjVkODk3OTVmYzljYTQyZDNmMTQ=",
      "jdl": "application {\\n  config {\\n    testFrameworks [cypress]\\n    buildTool gradle\\n    reactive true\\n    graalvmSupport true\\n  }\\n}",
      "samples-group": "graalvm",
      "build-jhipster-bom": true,
      "jhipster-bom-branch": "main",
      "jhipster-bom-cicd-version": "0.0.0-CICD"
    }
  ]
}"
`;

exports[`generator - github-build-matrix with react should match matrix value 1`] = `
"{
  "include": [
    {
      "job-name": "react-default (n[2]/j[2])",
      "sample": "react-default",
      "os": "ubuntu-latest",
      "node-version": "[2]",
      "java-version": "[2]",
      "npm-version": "NPM-VERSION",
      "default-environment": "prod",
      "jwt-secret-key": "ZjY4MTM4YjI5YzMwZjhjYjI2OTNkNTRjMWQ5Y2Q0Y2YwOWNmZTE2NzRmYzU3NTMwM2NjOTE3MTllOTM3MWRkMzcyYTljMjVmNmQ0Y2MxOTUzODc0MDhhMTlkMDIxMzI2YzQzZDM2ZDE3MmQ3NjVkODk3OTVmYzljYTQyZDNmMTQ=",
      "skip-compare": "false",
      "skip-backend-tests": "false",
      "skip-frontend-tests": "false",
      "name": "react-default",
      "app-sample": "react-default",
      "entity": "sqlfull",
      "workspaces": "false",
      "build-jhipster-bom": true,
      "jhipster-bom-branch": "main",
      "jhipster-bom-cicd-version": "0.0.0-CICD"
    },
    {
      "job-name": "react-maven-h2mem-memcached (n[2]/j[0])",
      "sample": "react-maven-h2mem-memcached",
      "os": "ubuntu-latest",
      "node-version": "[2]",
      "java-version": "[0]",
      "npm-version": "NPM-VERSION",
      "default-environment": "prod",
      "jwt-secret-key": "ZjY4MTM4YjI5YzMwZjhjYjI2OTNkNTRjMWQ5Y2Q0Y2YwOWNmZTE2NzRmYzU3NTMwM2NjOTE3MTllOTM3MWRkMzcyYTljMjVmNmQ0Y2MxOTUzODc0MDhhMTlkMDIxMzI2YzQzZDM2ZDE3MmQ3NjVkODk3OTVmYzljYTQyZDNmMTQ=",
      "skip-compare": "false",
      "skip-backend-tests": "false",
      "skip-frontend-tests": "false",
      "name": "react-maven-h2mem-memcached",
      "app-sample": "react-maven-h2mem-memcached",
      "entity": "sql",
      "generatorOptions": {
        "defaultEnvironment": "dev"
      },
      "workspaces": "false",
      "build-jhipster-bom": true,
      "jhipster-bom-branch": "main",
      "jhipster-bom-cicd-version": "0.0.0-CICD"
    },
    {
      "job-name": "react-gradle-mysql-es-noi18n-mapsid (n[0]/j[3])",
      "sample": "react-gradle-mysql-es-noi18n-mapsid",
      "os": "ubuntu-latest",
      "node-version": "[0]",
      "java-version": "[3]",
      "npm-version": "NPM-VERSION",
      "default-environment": "prod",
      "jwt-secret-key": "ZjY4MTM4YjI5YzMwZjhjYjI2OTNkNTRjMWQ5Y2Q0Y2YwOWNmZTE2NzRmYzU3NTMwM2NjOTE3MTllOTM3MWRkMzcyYTljMjVmNmQ0Y2MxOTUzODc0MDhhMTlkMDIxMzI2YzQzZDM2ZDE3MmQ3NjVkODk3OTVmYzljYTQyZDNmMTQ=",
      "skip-compare": "false",
      "skip-backend-tests": "false",
      "skip-frontend-tests": "false",
      "gradle-cache": true,
      "name": "react-gradle-mysql-es-noi18n-mapsid",
      "app-sample": "react-gradle-mysql-es-noi18n-mapsid",
      "entity": "sql",
      "workspaces": "false",
      "build-jhipster-bom": true,
      "jhipster-bom-branch": "main",
      "jhipster-bom-cicd-version": "0.0.0-CICD"
    },
    {
      "job-name": "react-gradle-cassandra-session-redis (n[2]/j[0])",
      "sample": "react-gradle-cassandra-session-redis",
      "os": "ubuntu-latest",
      "node-version": "[2]",
      "java-version": "[0]",
      "npm-version": "NPM-VERSION",
      "default-environment": "prod",
      "jwt-secret-key": "ZjY4MTM4YjI5YzMwZjhjYjI2OTNkNTRjMWQ5Y2Q0Y2YwOWNmZTE2NzRmYzU3NTMwM2NjOTE3MTllOTM3MWRkMzcyYTljMjVmNmQ0Y2MxOTUzODc0MDhhMTlkMDIxMzI2YzQzZDM2ZDE3MmQ3NjVkODk3OTVmYzljYTQyZDNmMTQ=",
      "skip-compare": "false",
      "skip-backend-tests": "false",
      "skip-frontend-tests": "false",
      "gradle-cache": true,
      "name": "react-gradle-cassandra-session-redis",
      "app-sample": "react-gradle-cassandra-session-redis",
      "entity": "cassandra",
      "workspaces": "false",
      "build-jhipster-bom": true,
      "jhipster-bom-branch": "main",
      "jhipster-bom-cicd-version": "0.0.0-CICD"
    },
    {
      "job-name": "ms-react-consul-jwt-cassandra-redis (n[2]/j[1])",
      "sample": "ms-react-consul-jwt-cassandra-redis",
      "os": "ubuntu-latest",
      "node-version": "[2]",
      "java-version": "[1]",
      "npm-version": "NPM-VERSION",
      "default-environment": "prod",
      "jwt-secret-key": "ZjY4MTM4YjI5YzMwZjhjYjI2OTNkNTRjMWQ5Y2Q0Y2YwOWNmZTE2NzRmYzU3NTMwM2NjOTE3MTllOTM3MWRkMzcyYTljMjVmNmQ0Y2MxOTUzODc0MDhhMTlkMDIxMzI2YzQzZDM2ZDE3MmQ3NjVkODk3OTVmYzljYTQyZDNmMTQ=",
      "skip-compare": "false",
      "skip-backend-tests": "false",
      "skip-frontend-tests": "false",
      "gradle-cache": true,
      "name": "ms-react-consul-jwt-cassandra-redis",
      "jdl-samples": "ms-react-consul-jwt-cassandra-redis",
      "generatorOptions": {
        "workspaces": true,
        "monorepository": true
      },
      "workspaces": "true",
      "build-jhipster-bom": true,
      "jhipster-bom-branch": "main",
      "jhipster-bom-cicd-version": "0.0.0-CICD"
    },
    {
      "job-name": "ms-mf-react-eureka-oauth2-mariadb-infinispan (n[1]/j[0])",
      "sample": "ms-mf-react-eureka-oauth2-mariadb-infinispan",
      "os": "ubuntu-latest",
      "node-version": "[1]",
      "java-version": "[0]",
      "npm-version": "NPM-VERSION",
      "default-environment": "prod",
      "jwt-secret-key": "ZjY4MTM4YjI5YzMwZjhjYjI2OTNkNTRjMWQ5Y2Q0Y2YwOWNmZTE2NzRmYzU3NTMwM2NjOTE3MTllOTM3MWRkMzcyYTljMjVmNmQ0Y2MxOTUzODc0MDhhMTlkMDIxMzI2YzQzZDM2ZDE3MmQ3NjVkODk3OTVmYzljYTQyZDNmMTQ=",
      "skip-compare": "false",
      "skip-backend-tests": "false",
      "skip-frontend-tests": "false",
      "gradle-cache": true,
      "name": "ms-mf-react-eureka-oauth2-mariadb-infinispan",
      "jdl-samples": "ms-mf-react-eureka-oauth2-mariadb-infinispan",
      "generatorOptions": {
        "workspaces": true,
        "monorepository": true
      },
      "workspaces": "true",
      "build-jhipster-bom": true,
      "jhipster-bom-branch": "main",
      "jhipster-bom-cicd-version": "0.0.0-CICD"
    }
  ]
}"
`;

exports[`generator - github-build-matrix with vue should match matrix value 1`] = `
"{
  "include": [
    {
      "job-name": "vue-default (n[0]/j[2])",
      "sample": "vue-default",
      "os": "ubuntu-latest",
      "node-version": "[0]",
      "java-version": "[2]",
      "npm-version": "NPM-VERSION",
      "default-environment": "prod",
      "jwt-secret-key": "ZjY4MTM4YjI5YzMwZjhjYjI2OTNkNTRjMWQ5Y2Q0Y2YwOWNmZTE2NzRmYzU3NTMwM2NjOTE3MTllOTM3MWRkMzcyYTljMjVmNmQ0Y2MxOTUzODc0MDhhMTlkMDIxMzI2YzQzZDM2ZDE3MmQ3NjVkODk3OTVmYzljYTQyZDNmMTQ=",
      "skip-compare": "false",
      "skip-backend-tests": "false",
      "skip-frontend-tests": "false",
      "name": "vue-default",
      "app-sample": "vue-default",
      "entity": "sqlfull",
      "workspaces": "false",
      "build-jhipster-bom": true,
      "jhipster-bom-branch": "main",
      "jhipster-bom-cicd-version": "0.0.0-CICD"
    },
    {
      "job-name": "vue-default-additional (n[2]/j[2])",
      "sample": "vue-default-additional",
      "os": "ubuntu-latest",
      "node-version": "[2]",
      "java-version": "[2]",
      "npm-version": "NPM-VERSION",
      "default-environment": "prod",
      "jwt-secret-key": "ZjY4MTM4YjI5YzMwZjhjYjI2OTNkNTRjMWQ5Y2Q0Y2YwOWNmZTE2NzRmYzU3NTMwM2NjOTE3MTllOTM3MWRkMzcyYTljMjVmNmQ0Y2MxOTUzODc0MDhhMTlkMDIxMzI2YzQzZDM2ZDE3MmQ3NjVkODk3OTVmYzljYTQyZDNmMTQ=",
      "skip-compare": "false",
      "skip-backend-tests": "false",
      "skip-frontend-tests": "false",
      "name": "vue-default-additional",
      "app-sample": "vue-default",
      "entity": "none",
      "jdl-entity": "custom-id",
      "workspaces": "false",
      "build-jhipster-bom": true,
      "jhipster-bom-branch": "main",
      "jhipster-bom-cicd-version": "0.0.0-CICD"
    },
    {
      "job-name": "vue-noi18n-mysql-ws-oauth2 (n[2]/j[2])",
      "sample": "vue-noi18n-mysql-ws-oauth2",
      "os": "ubuntu-latest",
      "node-version": "[2]",
      "java-version": "[2]",
      "npm-version": "NPM-VERSION",
      "default-environment": "prod",
      "jwt-secret-key": "ZjY4MTM4YjI5YzMwZjhjYjI2OTNkNTRjMWQ5Y2Q0Y2YwOWNmZTE2NzRmYzU3NTMwM2NjOTE3MTllOTM3MWRkMzcyYTljMjVmNmQ0Y2MxOTUzODc0MDhhMTlkMDIxMzI2YzQzZDM2ZDE3MmQ3NjVkODk3OTVmYzljYTQyZDNmMTQ=",
      "skip-compare": "false",
      "skip-backend-tests": "false",
      "skip-frontend-tests": "false",
      "name": "vue-noi18n-mysql-ws-oauth2",
      "app-sample": "vue-noi18n-ws-oauth2",
      "entity": "sqlfull",
      "workspaces": "false",
      "build-jhipster-bom": true,
      "jhipster-bom-branch": "main",
      "jhipster-bom-cicd-version": "0.0.0-CICD"
    },
    {
      "job-name": "vue-fulli18n-mysql-es (n[2]/j[3])",
      "sample": "vue-fulli18n-mysql-es",
      "os": "ubuntu-latest",
      "node-version": "[2]",
      "java-version": "[3]",
      "npm-version": "NPM-VERSION",
      "default-environment": "prod",
      "jwt-secret-key": "ZjY4MTM4YjI5YzMwZjhjYjI2OTNkNTRjMWQ5Y2Q0Y2YwOWNmZTE2NzRmYzU3NTMwM2NjOTE3MTllOTM3MWRkMzcyYTljMjVmNmQ0Y2MxOTUzODc0MDhhMTlkMDIxMzI2YzQzZDM2ZDE3MmQ3NjVkODk3OTVmYzljYTQyZDNmMTQ=",
      "skip-compare": "false",
      "skip-backend-tests": "false",
      "skip-frontend-tests": "false",
      "name": "vue-fulli18n-mysql-es",
      "app-sample": "vue-fulli18n-es",
      "entity": "sql",
      "workspaces": "false",
      "build-jhipster-bom": true,
      "jhipster-bom-branch": "main",
      "jhipster-bom-cicd-version": "0.0.0-CICD"
    },
    {
      "job-name": "vue-gradle-h2mem-ws-session (n[0]/j[0])",
      "sample": "vue-gradle-h2mem-ws-session",
      "os": "ubuntu-latest",
      "node-version": "[0]",
      "java-version": "[0]",
      "npm-version": "NPM-VERSION",
      "default-environment": "prod",
      "jwt-secret-key": "ZjY4MTM4YjI5YzMwZjhjYjI2OTNkNTRjMWQ5Y2Q0Y2YwOWNmZTE2NzRmYzU3NTMwM2NjOTE3MTllOTM3MWRkMzcyYTljMjVmNmQ0Y2MxOTUzODc0MDhhMTlkMDIxMzI2YzQzZDM2ZDE3MmQ3NjVkODk3OTVmYzljYTQyZDNmMTQ=",
      "skip-compare": "false",
      "skip-backend-tests": "false",
      "skip-frontend-tests": "false",
      "gradle-cache": true,
      "name": "vue-gradle-h2mem-ws-session",
      "app-sample": "vue-gradle-ws-session",
      "entity": "sql",
      "generatorOptions": {
        "defaultEnvironment": "dev"
      },
      "workspaces": "false",
      "build-jhipster-bom": true,
      "jhipster-bom-branch": "main",
      "jhipster-bom-cicd-version": "0.0.0-CICD"
    },
    {
      "job-name": "vue-h2disk-ws-theme (n[2]/j[1])",
      "sample": "vue-h2disk-ws-theme",
      "os": "ubuntu-latest",
      "node-version": "[2]",
      "java-version": "[1]",
      "npm-version": "NPM-VERSION",
      "default-environment": "prod",
      "jwt-secret-key": "ZjY4MTM4YjI5YzMwZjhjYjI2OTNkNTRjMWQ5Y2Q0Y2YwOWNmZTE2NzRmYzU3NTMwM2NjOTE3MTllOTM3MWRkMzcyYTljMjVmNmQ0Y2MxOTUzODc0MDhhMTlkMDIxMzI2YzQzZDM2ZDE3MmQ3NjVkODk3OTVmYzljYTQyZDNmMTQ=",
      "skip-compare": "false",
      "skip-backend-tests": "false",
      "skip-frontend-tests": "false",
      "name": "vue-h2disk-ws-theme",
      "app-sample": "vue-ws-theme",
      "entity": "sql",
      "generatorOptions": {
        "defaultEnvironment": "dev"
      },
      "workspaces": "false",
      "build-jhipster-bom": true,
      "jhipster-bom-branch": "main",
      "jhipster-bom-cicd-version": "0.0.0-CICD"
    },
    {
      "job-name": "vue-session-cassandra-fr (n[0]/j[1])",
      "sample": "vue-session-cassandra-fr",
      "os": "ubuntu-latest",
      "node-version": "[0]",
      "java-version": "[1]",
      "npm-version": "NPM-VERSION",
      "default-environment": "prod",
      "jwt-secret-key": "ZjY4MTM4YjI5YzMwZjhjYjI2OTNkNTRjMWQ5Y2Q0Y2YwOWNmZTE2NzRmYzU3NTMwM2NjOTE3MTllOTM3MWRkMzcyYTljMjVmNmQ0Y2MxOTUzODc0MDhhMTlkMDIxMzI2YzQzZDM2ZDE3MmQ3NjVkODk3OTVmYzljYTQyZDNmMTQ=",
      "skip-compare": "false",
      "skip-backend-tests": "false",
      "skip-frontend-tests": "false",
      "name": "vue-session-cassandra-fr",
      "app-sample": "vue-session-cassandra-fr",
      "entity": "cassandra",
      "generatorOptions": {
        "defaultEnvironment": "dev"
      },
      "workspaces": "false",
      "build-jhipster-bom": true,
      "jhipster-bom-branch": "main",
      "jhipster-bom-cicd-version": "0.0.0-CICD"
    },
    {
      "job-name": "ms-vue-eureka-jwt-couchbase-hazelcast (n[0]/j[0])",
      "sample": "ms-vue-eureka-jwt-couchbase-hazelcast",
      "os": "ubuntu-latest",
      "node-version": "[0]",
      "java-version": "[0]",
      "npm-version": "NPM-VERSION",
      "default-environment": "prod",
      "jwt-secret-key": "ZjY4MTM4YjI5YzMwZjhjYjI2OTNkNTRjMWQ5Y2Q0Y2YwOWNmZTE2NzRmYzU3NTMwM2NjOTE3MTllOTM3MWRkMzcyYTljMjVmNmQ0Y2MxOTUzODc0MDhhMTlkMDIxMzI2YzQzZDM2ZDE3MmQ3NjVkODk3OTVmYzljYTQyZDNmMTQ=",
      "skip-compare": "false",
      "skip-backend-tests": "false",
      "skip-frontend-tests": "false",
      "gradle-cache": true,
      "name": "ms-vue-eureka-jwt-couchbase-hazelcast",
      "jdl-samples": "ms-vue-eureka-jwt-couchbase-hazelcast",
      "generatorOptions": {
        "workspaces": true,
        "monorepository": true
      },
      "workspaces": "true",
      "build-jhipster-bom": true,
      "jhipster-bom-branch": "main",
      "jhipster-bom-cicd-version": "0.0.0-CICD"
    },
    {
      "job-name": "ms-mf-vue-consul-oauth2-mysql-memcached (n[2]/j[2])",
      "sample": "ms-mf-vue-consul-oauth2-mysql-memcached",
      "os": "ubuntu-latest",
      "node-version": "[2]",
      "java-version": "[2]",
      "npm-version": "NPM-VERSION",
      "default-environment": "prod",
      "jwt-secret-key": "ZjY4MTM4YjI5YzMwZjhjYjI2OTNkNTRjMWQ5Y2Q0Y2YwOWNmZTE2NzRmYzU3NTMwM2NjOTE3MTllOTM3MWRkMzcyYTljMjVmNmQ0Y2MxOTUzODc0MDhhMTlkMDIxMzI2YzQzZDM2ZDE3MmQ3NjVkODk3OTVmYzljYTQyZDNmMTQ=",
      "skip-compare": "false",
      "skip-backend-tests": "false",
      "skip-frontend-tests": "false",
      "gradle-cache": true,
      "name": "ms-mf-vue-consul-oauth2-mysql-memcached",
      "jdl-samples": "ms-mf-vue-consul-oauth2-mysql-memcached",
      "generatorOptions": {
        "workspaces": true,
        "monorepository": true
      },
      "workspaces": "true",
      "build-jhipster-bom": true,
      "jhipster-bom-branch": "main",
      "jhipster-bom-cicd-version": "0.0.0-CICD"
    },
    {
      "job-name": "stack-vue-no-db (n[1]/j[3])",
      "sample": "stack-vue-no-db",
      "os": "ubuntu-latest",
      "node-version": "[1]",
      "java-version": "[3]",
      "npm-version": "NPM-VERSION",
      "default-environment": "prod",
      "jwt-secret-key": "ZjY4MTM4YjI5YzMwZjhjYjI2OTNkNTRjMWQ5Y2Q0Y2YwOWNmZTE2NzRmYzU3NTMwM2NjOTE3MTllOTM3MWRkMzcyYTljMjVmNmQ0Y2MxOTUzODc0MDhhMTlkMDIxMzI2YzQzZDM2ZDE3MmQ3NjVkODk3OTVmYzljYTQyZDNmMTQ=",
      "skip-compare": "false",
      "skip-backend-tests": "false",
      "skip-frontend-tests": "backend tests only",
      "gradle-cache": true,
      "name": "stack-vue-no-db",
      "jdl-samples": "stack-vue-no-db",
      "generatorOptions": {
        "workspaces": true,
        "monorepository": true
      },
      "workspaces": "true",
      "build-jhipster-bom": true,
      "jhipster-bom-branch": "main",
      "jhipster-bom-cicd-version": "0.0.0-CICD"
    }
  ]
}"
`;
