// Jest Snapshot v1, https://jestjs.io/docs/snapshot-testing

exports[`public api generator-jhipster/generators should match snapshot 1`] = `
[
  "AuthenticationTypeMatrix",
  "MatrixGateway",
  "MatrixMicroservice",
  "MatrixMicroserviceGateway",
  "MatrixMonolith",
  "ReactiveMatrix",
  "appendToSummary",
  "basicHelpers",
  "buildClientSamples",
  "buildSamplesFromMatrix",
  "buildServerMatrix",
  "buildServerSamples",
  "clientSamples",
  "convertToGitHubMatrix",
  "coreRunResult",
  "createBlueprintFiles",
  "createJHipsterConfigFiles",
  "createTestHelpers",
  "defaultGithubEnvironment",
  "defaultHelpers",
  "defineDefaults",
  "dryRunHelpers",
  "entitiesClientSamples",
  "entitiesMicroservice",
  "entitiesServerSamples",
  "entitiesSimple",
  "entitiesWithRelationships",
  "entityAnotherSimple",
  "entityCustomId",
  "entitySimple",
  "entitySkipClient",
  "extendFilteredMatrix",
  "extendMatrix",
  "fromMatrix",
  "getGenerator",
  "getGithubIssue",
  "getGithubOutputFile",
  "getGithubSamplesGroup",
  "getGithubSamplesGroups",
  "getGithubSummaryFile",
  "getUnknownGitHubMatrixGroupProperties",
  "getUnknownGitHubMatrixProperties",
  "matchWrittenConfig",
  "matchWrittenFiles",
  "mutateMockedCompleteData",
  "mutateMockedData",
  "parseIssue",
  "prepareSample",
  "resetDefaults",
  "result",
  "runResult",
  "setGithubTaskOutput",
  "skipPrettierHelpers",
]
`;
