// Jest Snapshot v1, https://jestjs.io/docs/snapshot-testing

exports[`generator - generate-blueprint with all option should match snapshot 1`] = `
{
  ".blueprint/cli/commands.mjs": {
    "stateCleared": "modified",
  },
  ".blueprint/generate-sample/command.mjs": {
    "stateCleared": "modified",
  },
  ".blueprint/generate-sample/generator.mjs": {
    "stateCleared": "modified",
  },
  ".blueprint/generate-sample/index.mjs": {
    "stateCleared": "modified",
  },
  ".blueprint/generate-sample/templates/samples/sample.jdl": {
    "stateCleared": "modified",
  },
  ".github/workflows/generator.yml": {
    "stateCleared": "modified",
  },
  ".yo-rc.json": {
    "stateCleared": "modified",
  },
  "README.md": {
    "stateCleared": "modified",
  },
  "cli/cli-customizations.cjs": {
    "stateCleared": "modified",
  },
  "cli/cli.cjs": {
    "stateCleared": "modified",
  },
  "generators/angular/command.js": {
    "stateCleared": "modified",
  },
  "generators/angular/generator.js": {
    "stateCleared": "modified",
  },
  "generators/angular/generator.spec.js": {
    "stateCleared": "modified",
  },
  "generators/angular/generators/bootstrap/command.js": {
    "stateCleared": "modified",
  },
  "generators/angular/generators/bootstrap/generator.js": {
    "stateCleared": "modified",
  },
  "generators/angular/generators/bootstrap/generator.spec.js": {
    "stateCleared": "modified",
  },
  "generators/angular/generators/bootstrap/index.js": {
    "stateCleared": "modified",
  },
  "generators/angular/generators/bootstrap/templates/template-file-angular:bootstrap.ejs": {
    "stateCleared": "modified",
  },
  "generators/angular/index.js": {
    "stateCleared": "modified",
  },
  "generators/angular/templates/template-file-angular.ejs": {
    "stateCleared": "modified",
  },
  "generators/app/command.js": {
    "stateCleared": "modified",
  },
  "generators/app/generator.js": {
    "stateCleared": "modified",
  },
  "generators/app/generator.spec.js": {
    "stateCleared": "modified",
  },
  "generators/app/generators/bootstrap/command.js": {
    "stateCleared": "modified",
  },
  "generators/app/generators/bootstrap/generator.js": {
    "stateCleared": "modified",
  },
  "generators/app/generators/bootstrap/generator.spec.js": {
    "stateCleared": "modified",
  },
  "generators/app/generators/bootstrap/index.js": {
    "stateCleared": "modified",
  },
  "generators/app/generators/bootstrap/templates/template-file-app:bootstrap.ejs": {
    "stateCleared": "modified",
  },
  "generators/app/index.js": {
    "stateCleared": "modified",
  },
  "generators/app/templates/template-file-app.ejs": {
    "stateCleared": "modified",
  },
  "generators/base-application/command.js": {
    "stateCleared": "modified",
  },
  "generators/base-application/generator.js": {
    "stateCleared": "modified",
  },
  "generators/base-application/generator.spec.js": {
    "stateCleared": "modified",
  },
  "generators/base-application/generators/bootstrap/command.js": {
    "stateCleared": "modified",
  },
  "generators/base-application/generators/bootstrap/generator.js": {
    "stateCleared": "modified",
  },
  "generators/base-application/generators/bootstrap/generator.spec.js": {
    "stateCleared": "modified",
  },
  "generators/base-application/generators/bootstrap/index.js": {
    "stateCleared": "modified",
  },
  "generators/base-application/generators/bootstrap/templates/template-file-base-application:bootstrap.ejs": {
    "stateCleared": "modified",
  },
  "generators/base-application/index.js": {
    "stateCleared": "modified",
  },
  "generators/base-application/templates/template-file-base-application.ejs": {
    "stateCleared": "modified",
  },
  "generators/base-core/command.js": {
    "stateCleared": "modified",
  },
  "generators/base-core/generator.js": {
    "stateCleared": "modified",
  },
  "generators/base-core/generator.spec.js": {
    "stateCleared": "modified",
  },
  "generators/base-core/index.js": {
    "stateCleared": "modified",
  },
  "generators/base-core/templates/template-file-base-core.ejs": {
    "stateCleared": "modified",
  },
  "generators/base-entity-changes/command.js": {
    "stateCleared": "modified",
  },
  "generators/base-entity-changes/generator.js": {
    "stateCleared": "modified",
  },
  "generators/base-entity-changes/generator.spec.js": {
    "stateCleared": "modified",
  },
  "generators/base-entity-changes/index.js": {
    "stateCleared": "modified",
  },
  "generators/base-entity-changes/templates/template-file-base-entity-changes.ejs": {
    "stateCleared": "modified",
  },
  "generators/base-simple-application/command.js": {
    "stateCleared": "modified",
  },
  "generators/base-simple-application/generator.js": {
    "stateCleared": "modified",
  },
  "generators/base-simple-application/generator.spec.js": {
    "stateCleared": "modified",
  },
  "generators/base-simple-application/generators/bootstrap/command.js": {
    "stateCleared": "modified",
  },
  "generators/base-simple-application/generators/bootstrap/generator.js": {
    "stateCleared": "modified",
  },
  "generators/base-simple-application/generators/bootstrap/generator.spec.js": {
    "stateCleared": "modified",
  },
  "generators/base-simple-application/generators/bootstrap/index.js": {
    "stateCleared": "modified",
  },
  "generators/base-simple-application/generators/bootstrap/templates/template-file-base-simple-application:bootstrap.ejs": {
    "stateCleared": "modified",
  },
  "generators/base-simple-application/index.js": {
    "stateCleared": "modified",
  },
  "generators/base-simple-application/templates/template-file-base-simple-application.ejs": {
    "stateCleared": "modified",
  },
  "generators/base-workspaces/command.js": {
    "stateCleared": "modified",
  },
  "generators/base-workspaces/generator.js": {
    "stateCleared": "modified",
  },
  "generators/base-workspaces/generator.spec.js": {
    "stateCleared": "modified",
  },
  "generators/base-workspaces/generators/bootstrap/command.js": {
    "stateCleared": "modified",
  },
  "generators/base-workspaces/generators/bootstrap/generator.js": {
    "stateCleared": "modified",
  },
  "generators/base-workspaces/generators/bootstrap/generator.spec.js": {
    "stateCleared": "modified",
  },
  "generators/base-workspaces/generators/bootstrap/index.js": {
    "stateCleared": "modified",
  },
  "generators/base-workspaces/generators/bootstrap/templates/template-file-base-workspaces:bootstrap.ejs": {
    "stateCleared": "modified",
  },
  "generators/base-workspaces/index.js": {
    "stateCleared": "modified",
  },
  "generators/base-workspaces/templates/template-file-base-workspaces.ejs": {
    "stateCleared": "modified",
  },
  "generators/base/command.js": {
    "stateCleared": "modified",
  },
  "generators/base/generator.js": {
    "stateCleared": "modified",
  },
  "generators/base/generator.spec.js": {
    "stateCleared": "modified",
  },
  "generators/base/index.js": {
    "stateCleared": "modified",
  },
  "generators/base/templates/template-file-base.ejs": {
    "stateCleared": "modified",
  },
  "generators/bootstrap/command.js": {
    "stateCleared": "modified",
  },
  "generators/bootstrap/generator.js": {
    "stateCleared": "modified",
  },
  "generators/bootstrap/generator.spec.js": {
    "stateCleared": "modified",
  },
  "generators/bootstrap/index.js": {
    "stateCleared": "modified",
  },
  "generators/bootstrap/templates/template-file-bootstrap.ejs": {
    "stateCleared": "modified",
  },
  "generators/ci-cd/command.js": {
    "stateCleared": "modified",
  },
  "generators/ci-cd/generator.js": {
    "stateCleared": "modified",
  },
  "generators/ci-cd/generator.spec.js": {
    "stateCleared": "modified",
  },
  "generators/ci-cd/generators/bootstrap/command.js": {
    "stateCleared": "modified",
  },
  "generators/ci-cd/generators/bootstrap/generator.js": {
    "stateCleared": "modified",
  },
  "generators/ci-cd/generators/bootstrap/generator.spec.js": {
    "stateCleared": "modified",
  },
  "generators/ci-cd/generators/bootstrap/index.js": {
    "stateCleared": "modified",
  },
  "generators/ci-cd/generators/bootstrap/templates/template-file-ci-cd:bootstrap.ejs": {
    "stateCleared": "modified",
  },
  "generators/ci-cd/index.js": {
    "stateCleared": "modified",
  },
  "generators/ci-cd/templates/template-file-ci-cd.ejs": {
    "stateCleared": "modified",
  },
  "generators/client/command.js": {
    "stateCleared": "modified",
  },
  "generators/client/generator.js": {
    "stateCleared": "modified",
  },
  "generators/client/generator.spec.js": {
    "stateCleared": "modified",
  },
  "generators/client/generators/bootstrap/command.js": {
    "stateCleared": "modified",
  },
  "generators/client/generators/bootstrap/generator.js": {
    "stateCleared": "modified",
  },
  "generators/client/generators/bootstrap/generator.spec.js": {
    "stateCleared": "modified",
  },
  "generators/client/generators/bootstrap/index.js": {
    "stateCleared": "modified",
  },
  "generators/client/generators/bootstrap/templates/template-file-client:bootstrap.ejs": {
    "stateCleared": "modified",
  },
  "generators/client/generators/common/command.js": {
    "stateCleared": "modified",
  },
  "generators/client/generators/common/generator.js": {
    "stateCleared": "modified",
  },
  "generators/client/generators/common/generator.spec.js": {
    "stateCleared": "modified",
  },
  "generators/client/generators/common/index.js": {
    "stateCleared": "modified",
  },
  "generators/client/generators/common/templates/template-file-client:common.ejs": {
    "stateCleared": "modified",
  },
  "generators/client/generators/encode-csrf-token/command.js": {
    "stateCleared": "modified",
  },
  "generators/client/generators/encode-csrf-token/generator.js": {
    "stateCleared": "modified",
  },
  "generators/client/generators/encode-csrf-token/generator.spec.js": {
    "stateCleared": "modified",
  },
  "generators/client/generators/encode-csrf-token/index.js": {
    "stateCleared": "modified",
  },
  "generators/client/generators/encode-csrf-token/templates/template-file-client:encode-csrf-token.ejs": {
    "stateCleared": "modified",
  },
  "generators/client/generators/i18n/command.js": {
    "stateCleared": "modified",
  },
  "generators/client/generators/i18n/generator.js": {
    "stateCleared": "modified",
  },
  "generators/client/generators/i18n/generator.spec.js": {
    "stateCleared": "modified",
  },
  "generators/client/generators/i18n/index.js": {
    "stateCleared": "modified",
  },
  "generators/client/generators/i18n/templates/template-file-client:i18n.ejs": {
    "stateCleared": "modified",
  },
  "generators/client/index.js": {
    "stateCleared": "modified",
  },
  "generators/client/templates/template-file-client.ejs": {
    "stateCleared": "modified",
  },
  "generators/common/command.js": {
    "stateCleared": "modified",
  },
  "generators/common/generator.js": {
    "stateCleared": "modified",
  },
  "generators/common/generator.spec.js": {
    "stateCleared": "modified",
  },
  "generators/common/generators/bootstrap/command.js": {
    "stateCleared": "modified",
  },
  "generators/common/generators/bootstrap/generator.js": {
    "stateCleared": "modified",
  },
  "generators/common/generators/bootstrap/generator.spec.js": {
    "stateCleared": "modified",
  },
  "generators/common/generators/bootstrap/index.js": {
    "stateCleared": "modified",
  },
  "generators/common/generators/bootstrap/templates/template-file-common:bootstrap.ejs": {
    "stateCleared": "modified",
  },
  "generators/common/index.js": {
    "stateCleared": "modified",
  },
  "generators/common/templates/template-file-common.ejs": {
    "stateCleared": "modified",
  },
  "generators/cypress/command.js": {
    "stateCleared": "modified",
  },
  "generators/cypress/generator.js": {
    "stateCleared": "modified",
  },
  "generators/cypress/generator.spec.js": {
    "stateCleared": "modified",
  },
  "generators/cypress/index.js": {
    "stateCleared": "modified",
  },
  "generators/cypress/templates/template-file-cypress.ejs": {
    "stateCleared": "modified",
  },
  "generators/docker-compose/command.js": {
    "stateCleared": "modified",
  },
  "generators/docker-compose/generator.js": {
    "stateCleared": "modified",
  },
  "generators/docker-compose/generator.spec.js": {
    "stateCleared": "modified",
  },
  "generators/docker-compose/index.js": {
    "stateCleared": "modified",
  },
  "generators/docker-compose/templates/template-file-docker-compose.ejs": {
    "stateCleared": "modified",
  },
  "generators/docker/command.js": {
    "stateCleared": "modified",
  },
  "generators/docker/generator.js": {
    "stateCleared": "modified",
  },
  "generators/docker/generator.spec.js": {
    "stateCleared": "modified",
  },
  "generators/docker/generators/bootstrap/command.js": {
    "stateCleared": "modified",
  },
  "generators/docker/generators/bootstrap/generator.js": {
    "stateCleared": "modified",
  },
  "generators/docker/generators/bootstrap/generator.spec.js": {
    "stateCleared": "modified",
  },
  "generators/docker/generators/bootstrap/index.js": {
    "stateCleared": "modified",
  },
  "generators/docker/generators/bootstrap/templates/template-file-docker:bootstrap.ejs": {
    "stateCleared": "modified",
  },
  "generators/docker/index.js": {
    "stateCleared": "modified",
  },
  "generators/docker/templates/template-file-docker.ejs": {
    "stateCleared": "modified",
  },
  "generators/entities/command.js": {
    "stateCleared": "modified",
  },
  "generators/entities/generator.js": {
    "stateCleared": "modified",
  },
  "generators/entities/generator.spec.js": {
    "stateCleared": "modified",
  },
  "generators/entities/index.js": {
    "stateCleared": "modified",
  },
  "generators/entities/templates/template-file-entities.ejs": {
    "stateCleared": "modified",
  },
  "generators/entity/command.js": {
    "stateCleared": "modified",
  },
  "generators/entity/generator.js": {
    "stateCleared": "modified",
  },
  "generators/entity/index.js": {
    "stateCleared": "modified",
  },
  "generators/entity/templates/template-file-entity.ejs": {
    "stateCleared": "modified",
  },
  "generators/export-jdl/command.js": {
    "stateCleared": "modified",
  },
  "generators/export-jdl/generator.js": {
    "stateCleared": "modified",
  },
  "generators/export-jdl/generator.spec.js": {
    "stateCleared": "modified",
  },
  "generators/export-jdl/index.js": {
    "stateCleared": "modified",
  },
  "generators/export-jdl/templates/template-file-export-jdl.ejs": {
    "stateCleared": "modified",
  },
  "generators/generate-blueprint/command.js": {
    "stateCleared": "modified",
  },
  "generators/generate-blueprint/generator.js": {
    "stateCleared": "modified",
  },
  "generators/generate-blueprint/generator.spec.js": {
    "stateCleared": "modified",
  },
  "generators/generate-blueprint/index.js": {
    "stateCleared": "modified",
  },
  "generators/generate-blueprint/templates/template-file-generate-blueprint.ejs": {
    "stateCleared": "modified",
  },
  "generators/git/command.js": {
    "stateCleared": "modified",
  },
  "generators/git/generator.js": {
    "stateCleared": "modified",
  },
  "generators/git/generator.spec.js": {
    "stateCleared": "modified",
  },
  "generators/git/index.js": {
    "stateCleared": "modified",
  },
  "generators/git/templates/template-file-git.ejs": {
    "stateCleared": "modified",
  },
  "generators/heroku/command.js": {
    "stateCleared": "modified",
  },
  "generators/heroku/generator.js": {
    "stateCleared": "modified",
  },
  "generators/heroku/generator.spec.js": {
    "stateCleared": "modified",
  },
  "generators/heroku/index.js": {
    "stateCleared": "modified",
  },
  "generators/heroku/templates/template-file-heroku.ejs": {
    "stateCleared": "modified",
  },
  "generators/info/command.js": {
    "stateCleared": "modified",
  },
  "generators/info/generator.js": {
    "stateCleared": "modified",
  },
  "generators/info/generator.spec.js": {
    "stateCleared": "modified",
  },
  "generators/info/index.js": {
    "stateCleared": "modified",
  },
  "generators/info/templates/template-file-info.ejs": {
    "stateCleared": "modified",
  },
  "generators/init/command.js": {
    "stateCleared": "modified",
  },
  "generators/init/generator.js": {
    "stateCleared": "modified",
  },
  "generators/init/generator.spec.js": {
    "stateCleared": "modified",
  },
  "generators/init/index.js": {
    "stateCleared": "modified",
  },
  "generators/init/templates/template-file-init.ejs": {
    "stateCleared": "modified",
  },
  "generators/java-simple-application/command.js": {
    "stateCleared": "modified",
  },
  "generators/java-simple-application/generator.js": {
    "stateCleared": "modified",
  },
  "generators/java-simple-application/generator.spec.js": {
    "stateCleared": "modified",
  },
  "generators/java-simple-application/generators/bootstrap/command.js": {
    "stateCleared": "modified",
  },
  "generators/java-simple-application/generators/bootstrap/generator.js": {
    "stateCleared": "modified",
  },
  "generators/java-simple-application/generators/bootstrap/generator.spec.js": {
    "stateCleared": "modified",
  },
  "generators/java-simple-application/generators/bootstrap/index.js": {
    "stateCleared": "modified",
  },
  "generators/java-simple-application/generators/bootstrap/templates/template-file-java-simple-application:bootstrap.ejs": {
    "stateCleared": "modified",
  },
  "generators/java-simple-application/generators/build-tool/command.js": {
    "stateCleared": "modified",
  },
  "generators/java-simple-application/generators/build-tool/generator.js": {
    "stateCleared": "modified",
  },
  "generators/java-simple-application/generators/build-tool/generator.spec.js": {
    "stateCleared": "modified",
  },
  "generators/java-simple-application/generators/build-tool/index.js": {
    "stateCleared": "modified",
  },
  "generators/java-simple-application/generators/build-tool/templates/template-file-java-simple-application:build-tool.ejs": {
    "stateCleared": "modified",
  },
  "generators/java-simple-application/generators/code-quality/command.js": {
    "stateCleared": "modified",
  },
  "generators/java-simple-application/generators/code-quality/generator.js": {
    "stateCleared": "modified",
  },
  "generators/java-simple-application/generators/code-quality/generator.spec.js": {
    "stateCleared": "modified",
  },
  "generators/java-simple-application/generators/code-quality/index.js": {
    "stateCleared": "modified",
  },
  "generators/java-simple-application/generators/code-quality/templates/template-file-java-simple-application:code-quality.ejs": {
    "stateCleared": "modified",
  },
  "generators/java-simple-application/generators/graalvm/command.js": {
    "stateCleared": "modified",
  },
  "generators/java-simple-application/generators/graalvm/generator.js": {
    "stateCleared": "modified",
  },
  "generators/java-simple-application/generators/graalvm/generator.spec.js": {
    "stateCleared": "modified",
  },
  "generators/java-simple-application/generators/graalvm/index.js": {
    "stateCleared": "modified",
  },
  "generators/java-simple-application/generators/graalvm/templates/template-file-java-simple-application:graalvm.ejs": {
    "stateCleared": "modified",
  },
  "generators/java-simple-application/generators/gradle/command.js": {
    "stateCleared": "modified",
  },
  "generators/java-simple-application/generators/gradle/generator.js": {
    "stateCleared": "modified",
  },
  "generators/java-simple-application/generators/gradle/generator.spec.js": {
    "stateCleared": "modified",
  },
  "generators/java-simple-application/generators/gradle/index.js": {
    "stateCleared": "modified",
  },
  "generators/java-simple-application/generators/gradle/templates/template-file-java-simple-application:gradle.ejs": {
    "stateCleared": "modified",
  },
  "generators/java-simple-application/generators/jib/command.js": {
    "stateCleared": "modified",
  },
  "generators/java-simple-application/generators/jib/generator.js": {
    "stateCleared": "modified",
  },
  "generators/java-simple-application/generators/jib/generator.spec.js": {
    "stateCleared": "modified",
  },
  "generators/java-simple-application/generators/jib/index.js": {
    "stateCleared": "modified",
  },
  "generators/java-simple-application/generators/jib/templates/template-file-java-simple-application:jib.ejs": {
    "stateCleared": "modified",
  },
  "generators/java-simple-application/generators/maven/command.js": {
    "stateCleared": "modified",
  },
  "generators/java-simple-application/generators/maven/generator.js": {
    "stateCleared": "modified",
  },
  "generators/java-simple-application/generators/maven/generator.spec.js": {
    "stateCleared": "modified",
  },
  "generators/java-simple-application/generators/maven/index.js": {
    "stateCleared": "modified",
  },
  "generators/java-simple-application/generators/maven/templates/template-file-java-simple-application:maven.ejs": {
    "stateCleared": "modified",
  },
  "generators/java-simple-application/generators/openapi-generator/command.js": {
    "stateCleared": "modified",
  },
  "generators/java-simple-application/generators/openapi-generator/generator.js": {
    "stateCleared": "modified",
  },
  "generators/java-simple-application/generators/openapi-generator/generator.spec.js": {
    "stateCleared": "modified",
  },
  "generators/java-simple-application/generators/openapi-generator/index.js": {
    "stateCleared": "modified",
  },
  "generators/java-simple-application/generators/openapi-generator/templates/template-file-java-simple-application:openapi-generator.ejs": {
    "stateCleared": "modified",
  },
  "generators/java-simple-application/index.js": {
    "stateCleared": "modified",
  },
  "generators/java-simple-application/templates/template-file-java-simple-application.ejs": {
    "stateCleared": "modified",
  },
  "generators/java/command.js": {
    "stateCleared": "modified",
  },
  "generators/java/generator.js": {
    "stateCleared": "modified",
  },
  "generators/java/generator.spec.js": {
    "stateCleared": "modified",
  },
  "generators/java/generators/bootstrap/command.js": {
    "stateCleared": "modified",
  },
  "generators/java/generators/bootstrap/generator.js": {
    "stateCleared": "modified",
  },
  "generators/java/generators/bootstrap/generator.spec.js": {
    "stateCleared": "modified",
  },
  "generators/java/generators/bootstrap/index.js": {
    "stateCleared": "modified",
  },
  "generators/java/generators/bootstrap/templates/template-file-java:bootstrap.ejs": {
    "stateCleared": "modified",
  },
  "generators/java/generators/domain/command.js": {
    "stateCleared": "modified",
  },
  "generators/java/generators/domain/generator.js": {
    "stateCleared": "modified",
  },
  "generators/java/generators/domain/generator.spec.js": {
    "stateCleared": "modified",
  },
  "generators/java/generators/domain/index.js": {
    "stateCleared": "modified",
  },
  "generators/java/generators/domain/templates/template-file-java:domain.ejs": {
    "stateCleared": "modified",
  },
  "generators/java/generators/gatling/command.js": {
    "stateCleared": "modified",
  },
  "generators/java/generators/gatling/generator.js": {
    "stateCleared": "modified",
  },
  "generators/java/generators/gatling/generator.spec.js": {
    "stateCleared": "modified",
  },
  "generators/java/generators/gatling/index.js": {
    "stateCleared": "modified",
  },
  "generators/java/generators/gatling/templates/template-file-java:gatling.ejs": {
    "stateCleared": "modified",
  },
  "generators/java/generators/i18n/command.js": {
    "stateCleared": "modified",
  },
  "generators/java/generators/i18n/generator.js": {
    "stateCleared": "modified",
  },
  "generators/java/generators/i18n/generator.spec.js": {
    "stateCleared": "modified",
  },
  "generators/java/generators/i18n/index.js": {
    "stateCleared": "modified",
  },
  "generators/java/generators/i18n/templates/template-file-java:i18n.ejs": {
    "stateCleared": "modified",
  },
  "generators/java/generators/node/command.js": {
    "stateCleared": "modified",
  },
  "generators/java/generators/node/generator.js": {
    "stateCleared": "modified",
  },
  "generators/java/generators/node/generator.spec.js": {
    "stateCleared": "modified",
  },
  "generators/java/generators/node/index.js": {
    "stateCleared": "modified",
  },
  "generators/java/generators/node/templates/template-file-java:node.ejs": {
    "stateCleared": "modified",
  },
  "generators/java/generators/server/command.js": {
    "stateCleared": "modified",
  },
  "generators/java/generators/server/generator.js": {
    "stateCleared": "modified",
  },
  "generators/java/generators/server/generator.spec.js": {
    "stateCleared": "modified",
  },
  "generators/java/generators/server/index.js": {
    "stateCleared": "modified",
  },
  "generators/java/generators/server/templates/template-file-java:server.ejs": {
    "stateCleared": "modified",
  },
  "generators/java/index.js": {
    "stateCleared": "modified",
  },
  "generators/java/templates/template-file-java.ejs": {
    "stateCleared": "modified",
  },
  "generators/javascript-simple-application/command.js": {
    "stateCleared": "modified",
  },
  "generators/javascript-simple-application/generator.js": {
    "stateCleared": "modified",
  },
  "generators/javascript-simple-application/generator.spec.js": {
    "stateCleared": "modified",
  },
  "generators/javascript-simple-application/generators/bootstrap/command.js": {
    "stateCleared": "modified",
  },
  "generators/javascript-simple-application/generators/bootstrap/generator.js": {
    "stateCleared": "modified",
  },
  "generators/javascript-simple-application/generators/bootstrap/generator.spec.js": {
    "stateCleared": "modified",
  },
  "generators/javascript-simple-application/generators/bootstrap/index.js": {
    "stateCleared": "modified",
  },
  "generators/javascript-simple-application/generators/bootstrap/templates/template-file-javascript-simple-application:bootstrap.ejs": {
    "stateCleared": "modified",
  },
  "generators/javascript-simple-application/generators/eslint/command.js": {
    "stateCleared": "modified",
  },
  "generators/javascript-simple-application/generators/eslint/generator.js": {
    "stateCleared": "modified",
  },
  "generators/javascript-simple-application/generators/eslint/generator.spec.js": {
    "stateCleared": "modified",
  },
  "generators/javascript-simple-application/generators/eslint/index.js": {
    "stateCleared": "modified",
  },
  "generators/javascript-simple-application/generators/eslint/templates/template-file-javascript-simple-application:eslint.ejs": {
    "stateCleared": "modified",
  },
  "generators/javascript-simple-application/generators/husky/command.js": {
    "stateCleared": "modified",
  },
  "generators/javascript-simple-application/generators/husky/generator.js": {
    "stateCleared": "modified",
  },
  "generators/javascript-simple-application/generators/husky/generator.spec.js": {
    "stateCleared": "modified",
  },
  "generators/javascript-simple-application/generators/husky/index.js": {
    "stateCleared": "modified",
  },
  "generators/javascript-simple-application/generators/husky/templates/template-file-javascript-simple-application:husky.ejs": {
    "stateCleared": "modified",
  },
  "generators/javascript-simple-application/generators/prettier/command.js": {
    "stateCleared": "modified",
  },
  "generators/javascript-simple-application/generators/prettier/generator.js": {
    "stateCleared": "modified",
  },
  "generators/javascript-simple-application/generators/prettier/generator.spec.js": {
    "stateCleared": "modified",
  },
  "generators/javascript-simple-application/generators/prettier/index.js": {
    "stateCleared": "modified",
  },
  "generators/javascript-simple-application/generators/prettier/templates/template-file-javascript-simple-application:prettier.ejs": {
    "stateCleared": "modified",
  },
  "generators/javascript-simple-application/index.js": {
    "stateCleared": "modified",
  },
  "generators/javascript-simple-application/templates/template-file-javascript-simple-application.ejs": {
    "stateCleared": "modified",
  },
  "generators/jdl/command.js": {
    "stateCleared": "modified",
  },
  "generators/jdl/generator.js": {
    "stateCleared": "modified",
  },
  "generators/jdl/generator.spec.js": {
    "stateCleared": "modified",
  },
  "generators/jdl/generators/bootstrap/command.js": {
    "stateCleared": "modified",
  },
  "generators/jdl/generators/bootstrap/generator.js": {
    "stateCleared": "modified",
  },
  "generators/jdl/generators/bootstrap/generator.spec.js": {
    "stateCleared": "modified",
  },
  "generators/jdl/generators/bootstrap/index.js": {
    "stateCleared": "modified",
  },
  "generators/jdl/generators/bootstrap/templates/template-file-jdl:bootstrap.ejs": {
    "stateCleared": "modified",
  },
  "generators/jdl/index.js": {
    "stateCleared": "modified",
  },
  "generators/jdl/templates/template-file-jdl.ejs": {
    "stateCleared": "modified",
  },
  "generators/kubernetes/command.js": {
    "stateCleared": "modified",
  },
  "generators/kubernetes/generator.js": {
    "stateCleared": "modified",
  },
  "generators/kubernetes/generator.spec.js": {
    "stateCleared": "modified",
  },
  "generators/kubernetes/generators/bootstrap/command.js": {
    "stateCleared": "modified",
  },
  "generators/kubernetes/generators/bootstrap/generator.js": {
    "stateCleared": "modified",
  },
  "generators/kubernetes/generators/bootstrap/generator.spec.js": {
    "stateCleared": "modified",
  },
  "generators/kubernetes/generators/bootstrap/index.js": {
    "stateCleared": "modified",
  },
  "generators/kubernetes/generators/bootstrap/templates/template-file-kubernetes:bootstrap.ejs": {
    "stateCleared": "modified",
  },
  "generators/kubernetes/generators/helm/command.js": {
    "stateCleared": "modified",
  },
  "generators/kubernetes/generators/helm/generator.js": {
    "stateCleared": "modified",
  },
  "generators/kubernetes/generators/helm/generator.spec.js": {
    "stateCleared": "modified",
  },
  "generators/kubernetes/generators/helm/index.js": {
    "stateCleared": "modified",
  },
  "generators/kubernetes/generators/helm/templates/template-file-kubernetes:helm.ejs": {
    "stateCleared": "modified",
  },
  "generators/kubernetes/generators/knative/command.js": {
    "stateCleared": "modified",
  },
  "generators/kubernetes/generators/knative/generator.js": {
    "stateCleared": "modified",
  },
  "generators/kubernetes/generators/knative/generator.spec.js": {
    "stateCleared": "modified",
  },
  "generators/kubernetes/generators/knative/index.js": {
    "stateCleared": "modified",
  },
  "generators/kubernetes/generators/knative/templates/template-file-kubernetes:knative.ejs": {
    "stateCleared": "modified",
  },
  "generators/kubernetes/index.js": {
    "stateCleared": "modified",
  },
  "generators/kubernetes/templates/template-file-kubernetes.ejs": {
    "stateCleared": "modified",
  },
  "generators/languages/command.js": {
    "stateCleared": "modified",
  },
  "generators/languages/generator.js": {
    "stateCleared": "modified",
  },
  "generators/languages/generator.spec.js": {
    "stateCleared": "modified",
  },
  "generators/languages/generators/bootstrap/command.js": {
    "stateCleared": "modified",
  },
  "generators/languages/generators/bootstrap/generator.js": {
    "stateCleared": "modified",
  },
  "generators/languages/generators/bootstrap/generator.spec.js": {
    "stateCleared": "modified",
  },
  "generators/languages/generators/bootstrap/index.js": {
    "stateCleared": "modified",
  },
  "generators/languages/generators/bootstrap/templates/template-file-languages:bootstrap.ejs": {
    "stateCleared": "modified",
  },
  "generators/languages/index.js": {
    "stateCleared": "modified",
  },
  "generators/languages/templates/template-file-languages.ejs": {
    "stateCleared": "modified",
  },
  "generators/liquibase/command.js": {
    "stateCleared": "modified",
  },
  "generators/liquibase/generator.js": {
    "stateCleared": "modified",
  },
  "generators/liquibase/generator.spec.js": {
    "stateCleared": "modified",
  },
  "generators/liquibase/index.js": {
    "stateCleared": "modified",
  },
  "generators/liquibase/templates/template-file-liquibase.ejs": {
    "stateCleared": "modified",
  },
  "generators/project-name/command.js": {
    "stateCleared": "modified",
  },
  "generators/project-name/generator.js": {
    "stateCleared": "modified",
  },
  "generators/project-name/generator.spec.js": {
    "stateCleared": "modified",
  },
  "generators/project-name/generators/bootstrap/command.js": {
    "stateCleared": "modified",
  },
  "generators/project-name/generators/bootstrap/generator.js": {
    "stateCleared": "modified",
  },
  "generators/project-name/generators/bootstrap/generator.spec.js": {
    "stateCleared": "modified",
  },
  "generators/project-name/generators/bootstrap/index.js": {
    "stateCleared": "modified",
  },
  "generators/project-name/generators/bootstrap/templates/template-file-project-name:bootstrap.ejs": {
    "stateCleared": "modified",
  },
  "generators/project-name/index.js": {
    "stateCleared": "modified",
  },
  "generators/project-name/templates/template-file-project-name.ejs": {
    "stateCleared": "modified",
  },
  "generators/react/command.js": {
    "stateCleared": "modified",
  },
  "generators/react/generator.js": {
    "stateCleared": "modified",
  },
  "generators/react/generator.spec.js": {
    "stateCleared": "modified",
  },
  "generators/react/generators/bootstrap/command.js": {
    "stateCleared": "modified",
  },
  "generators/react/generators/bootstrap/generator.js": {
    "stateCleared": "modified",
  },
  "generators/react/generators/bootstrap/generator.spec.js": {
    "stateCleared": "modified",
  },
  "generators/react/generators/bootstrap/index.js": {
    "stateCleared": "modified",
  },
  "generators/react/generators/bootstrap/templates/template-file-react:bootstrap.ejs": {
    "stateCleared": "modified",
  },
  "generators/react/index.js": {
    "stateCleared": "modified",
  },
  "generators/react/templates/template-file-react.ejs": {
    "stateCleared": "modified",
  },
  "generators/server/command.js": {
    "stateCleared": "modified",
  },
  "generators/server/generator.js": {
    "stateCleared": "modified",
  },
  "generators/server/generator.spec.js": {
    "stateCleared": "modified",
  },
  "generators/server/generators/bootstrap/command.js": {
    "stateCleared": "modified",
  },
  "generators/server/generators/bootstrap/generator.js": {
    "stateCleared": "modified",
  },
  "generators/server/generators/bootstrap/generator.spec.js": {
    "stateCleared": "modified",
  },
  "generators/server/generators/bootstrap/index.js": {
    "stateCleared": "modified",
  },
  "generators/server/generators/bootstrap/templates/template-file-server:bootstrap.ejs": {
    "stateCleared": "modified",
  },
  "generators/server/index.js": {
    "stateCleared": "modified",
  },
  "generators/server/templates/template-file-server.ejs": {
    "stateCleared": "modified",
  },
  "generators/spring-boot/command.js": {
    "stateCleared": "modified",
  },
  "generators/spring-boot/generator.js": {
    "stateCleared": "modified",
  },
  "generators/spring-boot/generator.spec.js": {
    "stateCleared": "modified",
  },
  "generators/spring-boot/generators/bootstrap/command.js": {
    "stateCleared": "modified",
  },
  "generators/spring-boot/generators/bootstrap/generator.js": {
    "stateCleared": "modified",
  },
  "generators/spring-boot/generators/bootstrap/generator.spec.js": {
    "stateCleared": "modified",
  },
  "generators/spring-boot/generators/bootstrap/index.js": {
    "stateCleared": "modified",
  },
  "generators/spring-boot/generators/bootstrap/templates/template-file-spring-boot:bootstrap.ejs": {
    "stateCleared": "modified",
  },
  "generators/spring-boot/generators/cucumber/command.js": {
    "stateCleared": "modified",
  },
  "generators/spring-boot/generators/cucumber/generator.js": {
    "stateCleared": "modified",
  },
  "generators/spring-boot/generators/cucumber/generator.spec.js": {
    "stateCleared": "modified",
  },
  "generators/spring-boot/generators/cucumber/index.js": {
    "stateCleared": "modified",
  },
  "generators/spring-boot/generators/cucumber/templates/template-file-spring-boot:cucumber.ejs": {
    "stateCleared": "modified",
  },
  "generators/spring-boot/generators/jwt/command.js": {
    "stateCleared": "modified",
  },
  "generators/spring-boot/generators/jwt/generator.js": {
    "stateCleared": "modified",
  },
  "generators/spring-boot/generators/jwt/generator.spec.js": {
    "stateCleared": "modified",
  },
  "generators/spring-boot/generators/jwt/index.js": {
    "stateCleared": "modified",
  },
  "generators/spring-boot/generators/jwt/templates/template-file-spring-boot:jwt.ejs": {
    "stateCleared": "modified",
  },
  "generators/spring-boot/generators/oauth2/command.js": {
    "stateCleared": "modified",
  },
  "generators/spring-boot/generators/oauth2/generator.js": {
    "stateCleared": "modified",
  },
  "generators/spring-boot/generators/oauth2/generator.spec.js": {
    "stateCleared": "modified",
  },
  "generators/spring-boot/generators/oauth2/index.js": {
    "stateCleared": "modified",
  },
  "generators/spring-boot/generators/oauth2/templates/template-file-spring-boot:oauth2.ejs": {
    "stateCleared": "modified",
  },
  "generators/spring-boot/generators/websocket/command.js": {
    "stateCleared": "modified",
  },
  "generators/spring-boot/generators/websocket/generator.js": {
    "stateCleared": "modified",
  },
  "generators/spring-boot/generators/websocket/generator.spec.js": {
    "stateCleared": "modified",
  },
  "generators/spring-boot/generators/websocket/index.js": {
    "stateCleared": "modified",
  },
  "generators/spring-boot/generators/websocket/templates/template-file-spring-boot:websocket.ejs": {
    "stateCleared": "modified",
  },
  "generators/spring-boot/index.js": {
    "stateCleared": "modified",
  },
  "generators/spring-boot/templates/template-file-spring-boot.ejs": {
    "stateCleared": "modified",
  },
  "generators/spring-cache/command.js": {
    "stateCleared": "modified",
  },
  "generators/spring-cache/generator.js": {
    "stateCleared": "modified",
  },
  "generators/spring-cache/generator.spec.js": {
    "stateCleared": "modified",
  },
  "generators/spring-cache/index.js": {
    "stateCleared": "modified",
  },
  "generators/spring-cache/templates/template-file-spring-cache.ejs": {
    "stateCleared": "modified",
  },
  "generators/spring-cloud/command.js": {
    "stateCleared": "modified",
  },
  "generators/spring-cloud/generator.js": {
    "stateCleared": "modified",
  },
  "generators/spring-cloud/generator.spec.js": {
    "stateCleared": "modified",
  },
  "generators/spring-cloud/generators/feign-client/command.js": {
    "stateCleared": "modified",
  },
  "generators/spring-cloud/generators/feign-client/generator.js": {
    "stateCleared": "modified",
  },
  "generators/spring-cloud/generators/feign-client/generator.spec.js": {
    "stateCleared": "modified",
  },
  "generators/spring-cloud/generators/feign-client/index.js": {
    "stateCleared": "modified",
  },
  "generators/spring-cloud/generators/feign-client/templates/template-file-spring-cloud:feign-client.ejs": {
    "stateCleared": "modified",
  },
  "generators/spring-cloud/generators/gateway/command.js": {
    "stateCleared": "modified",
  },
  "generators/spring-cloud/generators/gateway/generator.js": {
    "stateCleared": "modified",
  },
  "generators/spring-cloud/generators/gateway/generator.spec.js": {
    "stateCleared": "modified",
  },
  "generators/spring-cloud/generators/gateway/index.js": {
    "stateCleared": "modified",
  },
  "generators/spring-cloud/generators/gateway/templates/template-file-spring-cloud:gateway.ejs": {
    "stateCleared": "modified",
  },
  "generators/spring-cloud/generators/kafka/command.js": {
    "stateCleared": "modified",
  },
  "generators/spring-cloud/generators/kafka/generator.js": {
    "stateCleared": "modified",
  },
  "generators/spring-cloud/generators/kafka/generator.spec.js": {
    "stateCleared": "modified",
  },
  "generators/spring-cloud/generators/kafka/index.js": {
    "stateCleared": "modified",
  },
  "generators/spring-cloud/generators/kafka/templates/template-file-spring-cloud:kafka.ejs": {
    "stateCleared": "modified",
  },
  "generators/spring-cloud/generators/pulsar/command.js": {
    "stateCleared": "modified",
  },
  "generators/spring-cloud/generators/pulsar/generator.js": {
    "stateCleared": "modified",
  },
  "generators/spring-cloud/generators/pulsar/generator.spec.js": {
    "stateCleared": "modified",
  },
  "generators/spring-cloud/generators/pulsar/index.js": {
    "stateCleared": "modified",
  },
  "generators/spring-cloud/generators/pulsar/templates/template-file-spring-cloud:pulsar.ejs": {
    "stateCleared": "modified",
  },
  "generators/spring-cloud/index.js": {
    "stateCleared": "modified",
  },
  "generators/spring-cloud/templates/template-file-spring-cloud.ejs": {
    "stateCleared": "modified",
  },
  "generators/spring-data/command.js": {
    "stateCleared": "modified",
  },
  "generators/spring-data/generator.js": {
    "stateCleared": "modified",
  },
  "generators/spring-data/generator.spec.js": {
    "stateCleared": "modified",
  },
  "generators/spring-data/generators/cassandra/command.js": {
    "stateCleared": "modified",
  },
  "generators/spring-data/generators/cassandra/generator.js": {
    "stateCleared": "modified",
  },
  "generators/spring-data/generators/cassandra/generator.spec.js": {
    "stateCleared": "modified",
  },
  "generators/spring-data/generators/cassandra/index.js": {
    "stateCleared": "modified",
  },
  "generators/spring-data/generators/cassandra/templates/template-file-spring-data:cassandra.ejs": {
    "stateCleared": "modified",
  },
  "generators/spring-data/generators/couchbase/command.js": {
    "stateCleared": "modified",
  },
  "generators/spring-data/generators/couchbase/generator.js": {
    "stateCleared": "modified",
  },
  "generators/spring-data/generators/couchbase/generator.spec.js": {
    "stateCleared": "modified",
  },
  "generators/spring-data/generators/couchbase/index.js": {
    "stateCleared": "modified",
  },
  "generators/spring-data/generators/couchbase/templates/template-file-spring-data:couchbase.ejs": {
    "stateCleared": "modified",
  },
  "generators/spring-data/generators/elasticsearch/command.js": {
    "stateCleared": "modified",
  },
  "generators/spring-data/generators/elasticsearch/generator.js": {
    "stateCleared": "modified",
  },
  "generators/spring-data/generators/elasticsearch/generator.spec.js": {
    "stateCleared": "modified",
  },
  "generators/spring-data/generators/elasticsearch/index.js": {
    "stateCleared": "modified",
  },
  "generators/spring-data/generators/elasticsearch/templates/template-file-spring-data:elasticsearch.ejs": {
    "stateCleared": "modified",
  },
  "generators/spring-data/generators/mongodb/command.js": {
    "stateCleared": "modified",
  },
  "generators/spring-data/generators/mongodb/generator.js": {
    "stateCleared": "modified",
  },
  "generators/spring-data/generators/mongodb/generator.spec.js": {
    "stateCleared": "modified",
  },
  "generators/spring-data/generators/mongodb/index.js": {
    "stateCleared": "modified",
  },
  "generators/spring-data/generators/mongodb/templates/template-file-spring-data:mongodb.ejs": {
    "stateCleared": "modified",
  },
  "generators/spring-data/generators/neo4j/command.js": {
    "stateCleared": "modified",
  },
  "generators/spring-data/generators/neo4j/generator.js": {
    "stateCleared": "modified",
  },
  "generators/spring-data/generators/neo4j/generator.spec.js": {
    "stateCleared": "modified",
  },
  "generators/spring-data/generators/neo4j/index.js": {
    "stateCleared": "modified",
  },
  "generators/spring-data/generators/neo4j/templates/template-file-spring-data:neo4j.ejs": {
    "stateCleared": "modified",
  },
  "generators/spring-data/generators/relational/command.js": {
    "stateCleared": "modified",
  },
  "generators/spring-data/generators/relational/generator.js": {
    "stateCleared": "modified",
  },
  "generators/spring-data/generators/relational/generator.spec.js": {
    "stateCleared": "modified",
  },
  "generators/spring-data/generators/relational/index.js": {
    "stateCleared": "modified",
  },
  "generators/spring-data/generators/relational/templates/template-file-spring-data:relational.ejs": {
    "stateCleared": "modified",
  },
  "generators/spring-data/index.js": {
    "stateCleared": "modified",
  },
  "generators/spring-data/templates/template-file-spring-data.ejs": {
    "stateCleared": "modified",
  },
  "generators/upgrade/command.js": {
    "stateCleared": "modified",
  },
  "generators/upgrade/generator.js": {
    "stateCleared": "modified",
  },
  "generators/upgrade/generator.spec.js": {
    "stateCleared": "modified",
  },
  "generators/upgrade/index.js": {
    "stateCleared": "modified",
  },
  "generators/upgrade/templates/template-file-upgrade.ejs": {
    "stateCleared": "modified",
  },
  "generators/vue/command.js": {
    "stateCleared": "modified",
  },
  "generators/vue/generator.js": {
    "stateCleared": "modified",
  },
  "generators/vue/generator.spec.js": {
    "stateCleared": "modified",
  },
  "generators/vue/generators/bootstrap/command.js": {
    "stateCleared": "modified",
  },
  "generators/vue/generators/bootstrap/generator.js": {
    "stateCleared": "modified",
  },
  "generators/vue/generators/bootstrap/generator.spec.js": {
    "stateCleared": "modified",
  },
  "generators/vue/generators/bootstrap/index.js": {
    "stateCleared": "modified",
  },
  "generators/vue/generators/bootstrap/templates/template-file-vue:bootstrap.ejs": {
    "stateCleared": "modified",
  },
  "generators/vue/index.js": {
    "stateCleared": "modified",
  },
  "generators/vue/templates/template-file-vue.ejs": {
    "stateCleared": "modified",
  },
  "generators/workspaces/command.js": {
    "stateCleared": "modified",
  },
  "generators/workspaces/generator.js": {
    "stateCleared": "modified",
  },
  "generators/workspaces/generator.spec.js": {
    "stateCleared": "modified",
  },
  "generators/workspaces/index.js": {
    "stateCleared": "modified",
  },
  "generators/workspaces/templates/template-file-workspaces.ejs": {
    "stateCleared": "modified",
  },
  "package.json": {
    "stateCleared": "modified",
  },
  "tsconfig.json": {
    "stateCleared": "modified",
  },
  "vitest.config.ts": {
    "stateCleared": "modified",
  },
  "vitest.test-setup.ts": {
    "stateCleared": "modified",
  },
}
`;

exports[`generator - generate-blueprint with default config should write files and match snapshot 1`] = `
{
  ".blueprint/cli/commands.mjs": {
    "stateCleared": "modified",
  },
  ".blueprint/generate-sample/command.mjs": {
    "stateCleared": "modified",
  },
  ".blueprint/generate-sample/generator.mjs": {
    "stateCleared": "modified",
  },
  ".blueprint/generate-sample/index.mjs": {
    "stateCleared": "modified",
  },
  ".blueprint/generate-sample/templates/samples/sample.jdl": {
    "stateCleared": "modified",
  },
  ".github/workflows/generator.yml": {
    "stateCleared": "modified",
  },
  ".yo-rc.json": {
    "stateCleared": "modified",
  },
  "README.md": {
    "stateCleared": "modified",
  },
  "cli/cli-customizations.cjs": {
    "stateCleared": "modified",
  },
  "cli/cli.cjs": {
    "stateCleared": "modified",
  },
  "package.json": {
    "stateCleared": "modified",
  },
  "tsconfig.json": {
    "stateCleared": "modified",
  },
  "vitest.config.ts": {
    "stateCleared": "modified",
  },
  "vitest.test-setup.ts": {
    "stateCleared": "modified",
  },
}
`;
