// Jest Snapshot v1, https://jestjs.io/docs/snapshot-testing

exports[`generator - javascript:bootstrap customVersion-commonjs should call source snapshot 1`] = `{}`;

exports[`generator - javascript:bootstrap customVersion-commonjs should match files snapshot 1`] = `
{
  ".yo-rc.json": ObjectContaining {
    "contents": Any<String>,
  },
}
`;

exports[`generator - javascript:bootstrap packageJsonNodeEngine(false)-module should call source snapshot 1`] = `{}`;

exports[`generator - javascript:bootstrap packageJsonNodeEngine(false)-module should match files snapshot 1`] = `
{
  ".yo-rc.json": ObjectContaining {
    "contents": Any<String>,
  },
}
`;

exports[`generator - javascript:bootstrap packageJsonNodeEngine(true) should call source snapshot 1`] = `{}`;

exports[`generator - javascript:bootstrap packageJsonNodeEngine(true) should match files snapshot 1`] = `
{
  ".yo-rc.json": ObjectContaining {
    "contents": Any<String>,
  },
}
`;
